ptxas info    : 40 bytes gmem
ptxas info    : Compiling entry function '_ZN4vllm20minimax_m3_fused_ops37fusedMiniMaxM3QNormRopeKVInsertKernelIN3c108BFloat16EhLNS_18Fp8KVCacheDataTypeE2ELb0ES3_Lb0ELb0ELb0ELb0EEEvPT_S6_PhPT3_PKS5_SB_SB_SB_SB_PKlSD_SD_PT0_S9_ffiiiiiillllPKfSH_' for 'sm_107a'
ptxas info    : Function properties for _ZN4vllm20minimax_m3_fused_ops37fusedMiniMaxM3QNormRopeKVInsertKernelIN3c108BFloat16EhLNS_18Fp8KVCacheDataTypeE2ELb0ES3_Lb0ELb0ELb0ELb0EEEvPT_S6_PhPT3_PKS5_SB_SB_SB_SB_PKlSD_SD_PT0_S9_ffiiiiiillllPKfSH_
    0 bytes stack frame, 0 bytes spill stores, 0 bytes spill loads
ptxas info    : Used 36 registers, used 0 barriers
ptxas info    : Compile time = 7.395 ms
ptxas info    : Compiling entry function '_ZN4vllm20minimax_m3_fused_ops37fusedMiniMaxM3QNormRopeKVInsertKernelIN3c108BFloat16EhLNS_18Fp8KVCacheDataTypeE2ELb0ES3_Lb1ELb0ELb1ELb0EEEvPT_S6_PhPT3_PKS5_SB_SB_SB_SB_PKlSD_SD_PT0_S9_ffiiiiiillllPKfSH_' for 'sm_107a'
ptxas info    : Function properties for _ZN4vllm20minimax_m3_fused_ops37fusedMiniMaxM3QNormRopeKVInsertKernelIN3c108BFloat16EhLNS_18Fp8KVCacheDataTypeE2ELb0ES3_Lb1ELb0ELb1ELb0EEEvPT_S6_PhPT3_PKS5_SB_SB_SB_SB_PKlSD_SD_PT0_S9_ffiiiiiillllPKfSH_
    0 bytes stack frame, 0 bytes spill stores, 0 bytes spill loads
ptxas info    : Used 34 registers, used 0 barriers
ptxas info    : Compile time = 6.748 ms
ptxas info    : Compiling entry function '_ZN4vllm20minimax_m3_fused_ops37fusedMiniMaxM3QNormRopeKVInsertKernelIN3c108BFloat16EhLNS_18Fp8KVCacheDataTypeE2ELb0EhLb1ELb0ELb1ELb1EEEvPT_S6_PhPT3_PKS5_SB_SB_SB_SB_PKlSD_SD_PT0_S9_ffiiiiiillllPKfSH_' for 'sm_107a'
ptxas info    : Function properties for _ZN4vllm20minimax_m3_fused_ops37fusedMiniMaxM3QNormRopeKVInsertKernelIN3c108BFloat16EhLNS_18Fp8KVCacheDataTypeE2ELb0EhLb1ELb0ELb1ELb1EEEvPT_S6_PhPT3_PKS5_SB_SB_SB_SB_PKlSD_SD_PT0_S9_ffiiiiiillllPKfSH_
    0 bytes stack frame, 0 bytes spill stores, 0 bytes spill loads
ptxas info    : Used 35 registers, used 0 barriers
ptxas info    : Compile time = 6.442 ms
ptxas info    : Compiling entry function '_ZN4vllm20minimax_m3_fused_ops37fusedMiniMaxM3QNormRopeKVInsertKernelIN3c108BFloat16EhLNS_18Fp8KVCacheDataTypeE2ELb0ES3_Lb1ELb1ELb1ELb0EEEvPT_S6_PhPT3_PKS5_SB_SB_SB_SB_PKlSD_SD_PT0_S9_ffiiiiiillllPKfSH_' for 'sm_107a'
ptxas info    : Function properties for _ZN4vllm20minimax_m3_fused_ops37fusedMiniMaxM3QNormRopeKVInsertKernelIN3c108BFloat16EhLNS_18Fp8KVCacheDataTypeE2ELb0ES3_Lb1ELb1ELb1ELb0EEEvPT_S6_PhPT3_PKS5_SB_SB_SB_SB_PKlSD_SD_PT0_S9_ffiiiiiillllPKfSH_
    0 bytes stack frame, 0 bytes spill stores, 0 bytes spill loads
ptxas info    : Used 34 registers, used 0 barriers
ptxas info    : Compile time = 11.754 ms
ptxas info    : Compiling entry function '_ZN4vllm20minimax_m3_fused_ops37fusedMiniMaxM3QNormRopeKVInsertKernelIN3c108BFloat16EhLNS_18Fp8KVCacheDataTypeE2ELb0EhLb1ELb1ELb1ELb1EEEvPT_S6_PhPT3_PKS5_SB_SB_SB_SB_PKlSD_SD_PT0_S9_ffiiiiiillllPKfSH_' for 'sm_107a'
ptxas info    : Function properties for _ZN4vllm20minimax_m3_fused_ops37fusedMiniMaxM3QNormRopeKVInsertKernelIN3c108BFloat16EhLNS_18Fp8KVCacheDataTypeE2ELb0EhLb1ELb1ELb1ELb1EEEvPT_S6_PhPT3_PKS5_SB_SB_SB_SB_PKlSD_SD_PT0_S9_ffiiiiiillllPKfSH_
    0 bytes stack frame, 0 bytes spill stores, 0 bytes spill loads
ptxas info    : Used 38 registers, used 0 barriers
ptxas info    : Compile time = 12.100 ms
ptxas info    : Compiling entry function '_ZN4vllm20minimax_m3_fused_ops37fusedMiniMaxM3QNormRopeKVInsertKernelIN3c108BFloat16EhLNS_18Fp8KVCacheDataTypeE2ELb0ES3_Lb1ELb0ELb0ELb0EEEvPT_S6_PhPT3_PKS5_SB_SB_SB_SB_PKlSD_SD_PT0_S9_ffiiiiiillllPKfSH_' for 'sm_107a'
ptxas info    : Function properties for _ZN4vllm20minimax_m3_fused_ops37fusedMiniMaxM3QNormRopeKVInsertKernelIN3c108BFloat16EhLNS_18Fp8KVCacheDataTypeE2ELb0ES3_Lb1ELb0ELb0ELb0EEEvPT_S6_PhPT3_PKS5_SB_SB_SB_SB_PKlSD_SD_PT0_S9_ffiiiiiillllPKfSH_
    0 bytes stack frame, 0 bytes spill stores, 0 bytes spill loads
ptxas info    : Used 36 registers, used 0 barriers
ptxas info    : Compile time = 5.775 ms
ptxas info    : Compiling entry function '_ZN4vllm20minimax_m3_fused_ops37fusedMiniMaxM3QNormRopeKVInsertKernelIN3c108BFloat16EhLNS_18Fp8KVCacheDataTypeE2ELb0ES3_Lb1ELb1ELb0ELb0EEEvPT_S6_PhPT3_PKS5_SB_SB_SB_SB_PKlSD_SD_PT0_S9_ffiiiiiillllPKfSH_' for 'sm_107a'
ptxas info    : Function properties for _ZN4vllm20minimax_m3_fused_ops37fusedMiniMaxM3QNormRopeKVInsertKernelIN3c108BFloat16EhLNS_18Fp8KVCacheDataTypeE2ELb0ES3_Lb1ELb1ELb0ELb0EEEvPT_S6_PhPT3_PKS5_SB_SB_SB_SB_PKlSD_SD_PT0_S9_ffiiiiiillllPKfSH_
    0 bytes stack frame, 0 bytes spill stores, 0 bytes spill loads
ptxas info    : Used 34 registers, used 0 barriers
ptxas info    : Compile time = 10.792 ms
ptxas info    : Compiling entry function '_ZN4vllm20minimax_m3_fused_ops37fusedMiniMaxM3QNormRopeKVInsertKernelIN3c108BFloat16EhLNS_18Fp8KVCacheDataTypeE1ELb0ES3_Lb0ELb0ELb0ELb0EEEvPT_S6_PhPT3_PKS5_SB_SB_SB_SB_PKlSD_SD_PT0_S9_ffiiiiiillllPKfSH_' for 'sm_107a'
ptxas info    : Function properties for _ZN4vllm20minimax_m3_fused_ops37fusedMiniMaxM3QNormRopeKVInsertKernelIN3c108BFloat16EhLNS_18Fp8KVCacheDataTypeE1ELb0ES3_Lb0ELb0ELb0ELb0EEEvPT_S6_PhPT3_PKS5_SB_SB_SB_SB_PKlSD_SD_PT0_S9_ffiiiiiillllPKfSH_
    0 bytes stack frame, 0 bytes spill stores, 0 bytes spill loads
ptxas info    : Used 36 registers, used 0 barriers
ptxas info    : Compile time = 5.710 ms
ptxas info    : Compiling entry function '_ZN4vllm20minimax_m3_fused_ops37fusedMiniMaxM3QNormRopeKVInsertKernelIN3c108BFloat16EhLNS_18Fp8KVCacheDataTypeE1ELb0ES3_Lb1ELb0ELb1ELb0EEEvPT_S6_PhPT3_PKS5_SB_SB_SB_SB_PKlSD_SD_PT0_S9_ffiiiiiillllPKfSH_' for 'sm_107a'
ptxas info    : Function properties for _ZN4vllm20minimax_m3_fused_ops37fusedMiniMaxM3QNormRopeKVInsertKernelIN3c108BFloat16EhLNS_18Fp8KVCacheDataTypeE1ELb0ES3_Lb1ELb0ELb1ELb0EEEvPT_S6_PhPT3_PKS5_SB_SB_SB_SB_PKlSD_SD_PT0_S9_ffiiiiiillllPKfSH_
    0 bytes stack frame, 0 bytes spill stores, 0 bytes spill loads
ptxas info    : Used 34 registers, used 0 barriers
ptxas info    : Compile time = 6.314 ms
ptxas info    : Compiling entry function '_ZN4vllm20minimax_m3_fused_ops37fusedMiniMaxM3QNormRopeKVInsertKernelIN3c108BFloat16EhLNS_18Fp8KVCacheDataTypeE1ELb0EhLb1ELb0ELb1ELb1EEEvPT_S6_PhPT3_PKS5_SB_SB_SB_SB_PKlSD_SD_PT0_S9_ffiiiiiillllPKfSH_' for 'sm_107a'
ptxas info    : Function properties for _ZN4vllm20minimax_m3_fused_ops37fusedMiniMaxM3QNormRopeKVInsertKernelIN3c108BFloat16EhLNS_18Fp8KVCacheDataTypeE1ELb0EhLb1ELb0ELb1ELb1EEEvPT_S6_PhPT3_PKS5_SB_SB_SB_SB_PKlSD_SD_PT0_S9_ffiiiiiillllPKfSH_
    0 bytes stack frame, 0 bytes spill stores, 0 bytes spill loads
ptxas info    : Used 35 registers, used 0 barriers
ptxas info    : Compile time = 6.465 ms
ptxas info    : Compiling entry function '_ZN4vllm20minimax_m3_fused_ops37fusedMiniMaxM3QNormRopeKVInsertKernelIN3c108BFloat16EhLNS_18Fp8KVCacheDataTypeE1ELb0ES3_Lb1ELb1ELb1ELb0EEEvPT_S6_PhPT3_PKS5_SB_SB_SB_SB_PKlSD_SD_PT0_S9_ffiiiiiillllPKfSH_' for 'sm_107a'
ptxas info    : Function properties for _ZN4vllm20minimax_m3_fused_ops37fusedMiniMaxM3QNormRopeKVInsertKernelIN3c108BFloat16EhLNS_18Fp8KVCacheDataTypeE1ELb0ES3_Lb1ELb1ELb1ELb0EEEvPT_S6_PhPT3_PKS5_SB_SB_SB_SB_PKlSD_SD_PT0_S9_ffiiiiiillllPKfSH_
    0 bytes stack frame, 0 bytes spill stores, 0 bytes spill loads
ptxas info    : Used 34 registers, used 0 barriers
ptxas info    : Compile time = 11.401 ms
ptxas info    : Compiling entry function '_ZN4vllm20minimax_m3_fused_ops37fusedMiniMaxM3QNormRopeKVInsertKernelIN3c108BFloat16EhLNS_18Fp8KVCacheDataTypeE1ELb0EhLb1ELb1ELb1ELb1EEEvPT_S6_PhPT3_PKS5_SB_SB_SB_SB_PKlSD_SD_PT0_S9_ffiiiiiillllPKfSH_' for 'sm_107a'
ptxas info    : Function properties for _ZN4vllm20minimax_m3_fused_ops37fusedMiniMaxM3QNormRopeKVInsertKernelIN3c108BFloat16EhLNS_18Fp8KVCacheDataTypeE1ELb0EhLb1ELb1ELb1ELb1EEEvPT_S6_PhPT3_PKS5_SB_SB_SB_SB_PKlSD_SD_PT0_S9_ffiiiiiillllPKfSH_
    0 bytes stack frame, 0 bytes spill stores, 0 bytes spill loads
ptxas info    : Used 38 registers, used 0 barriers
ptxas info    : Compile time = 11.945 ms
ptxas info    : Compiling entry function '_ZN4vllm20minimax_m3_fused_ops37fusedMiniMaxM3QNormRopeKVInsertKernelIN3c108BFloat16EhLNS_18Fp8KVCacheDataTypeE1ELb0ES3_Lb1ELb0ELb0ELb0EEEvPT_S6_PhPT3_PKS5_SB_SB_SB_SB_PKlSD_SD_PT0_S9_ffiiiiiillllPKfSH_' for 'sm_107a'
ptxas info    : Function properties for _ZN4vllm20minimax_m3_fused_ops37fusedMiniMaxM3QNormRopeKVInsertKernelIN3c108BFloat16EhLNS_18Fp8KVCacheDataTypeE1ELb0ES3_Lb1ELb0ELb0ELb0EEEvPT_S6_PhPT3_PKS5_SB_SB_SB_SB_PKlSD_SD_PT0_S9_ffiiiiiillllPKfSH_
    0 bytes stack frame, 0 bytes spill stores, 0 bytes spill loads
ptxas info    : Used 36 registers, used 0 barriers
ptxas info    : Compile time = 5.750 ms
ptxas info    : Compiling entry function '_ZN4vllm20minimax_m3_fused_ops37fusedMiniMaxM3QNormRopeKVInsertKernelIN3c108BFloat16EhLNS_18Fp8KVCacheDataTypeE1ELb0ES3_Lb1ELb1ELb0ELb0EEEvPT_S6_PhPT3_PKS5_SB_SB_SB_SB_PKlSD_SD_PT0_S9_ffiiiiiillllPKfSH_' for 'sm_107a'
ptxas info    : Function properties for _ZN4vllm20minimax_m3_fused_ops37fusedMiniMaxM3QNormRopeKVInsertKernelIN3c108BFloat16EhLNS_18Fp8KVCacheDataTypeE1ELb0ES3_Lb1ELb1ELb0ELb0EEEvPT_S6_PhPT3_PKS5_SB_SB_SB_SB_PKlSD_SD_PT0_S9_ffiiiiiillllPKfSH_
    0 bytes stack frame, 0 bytes spill stores, 0 bytes spill loads
ptxas info    : Used 34 registers, used 0 barriers
ptxas info    : Compile time = 10.738 ms
ptxas info    : Compiling entry function '_ZN4vllm20minimax_m3_fused_ops37fusedMiniMaxM3QNormRopeKVInsertKernelIN3c108BFloat16E13__nv_bfloat16LNS_18Fp8KVCacheDataTypeE0ELb0ES3_Lb0ELb0ELb0ELb0EEEvPT_S7_PhPT3_PKS6_SC_SC_SC_SC_PKlSE_SE_PT0_SA_ffiiiiiillllPKfSI_' for 'sm_107a'
ptxas info    : Function properties for _ZN4vllm20minimax_m3_fused_ops37fusedMiniMaxM3QNormRopeKVInsertKernelIN3c108BFloat16E13__nv_bfloat16LNS_18Fp8KVCacheDataTypeE0ELb0ES3_Lb0ELb0ELb0ELb0EEEvPT_S7_PhPT3_PKS6_SC_SC_SC_SC_PKlSE_SE_PT0_SA_ffiiiiiillllPKfSI_
    0 bytes stack frame, 0 bytes spill stores, 0 bytes spill loads
ptxas info    : Used 36 registers, used 0 barriers
ptxas info    : Compile time = 5.709 ms
ptxas info    : Compiling entry function '_ZN4vllm20minimax_m3_fused_ops37fusedMiniMaxM3QNormRopeKVInsertKernelIN3c108BFloat16E13__nv_bfloat16LNS_18Fp8KVCacheDataTypeE0ELb0ES3_Lb1ELb0ELb1ELb0EEEvPT_S7_PhPT3_PKS6_SC_SC_SC_SC_PKlSE_SE_PT0_SA_ffiiiiiillllPKfSI_' for 'sm_107a'
ptxas info    : Function properties for _ZN4vllm20minimax_m3_fused_ops37fusedMiniMaxM3QNormRopeKVInsertKernelIN3c108BFloat16E13__nv_bfloat16LNS_18Fp8KVCacheDataTypeE0ELb0ES3_Lb1ELb0ELb1ELb0EEEvPT_S7_PhPT3_PKS6_SC_SC_SC_SC_PKlSE_SE_PT0_SA_ffiiiiiillllPKfSI_
    0 bytes stack frame, 0 bytes spill stores, 0 bytes spill loads
ptxas info    : Used 34 registers, used 0 barriers
ptxas info    : Compile time = 6.313 ms
ptxas info    : Compiling entry function '_ZN4vllm20minimax_m3_fused_ops37fusedMiniMaxM3QNormRopeKVInsertKernelIN3c108BFloat16E13__nv_bfloat16LNS_18Fp8KVCacheDataTypeE0ELb0EhLb1ELb0ELb1ELb1EEEvPT_S7_PhPT3_PKS6_SC_SC_SC_SC_PKlSE_SE_PT0_SA_ffiiiiiillllPKfSI_' for 'sm_107a'
ptxas info    : Function properties for _ZN4vllm20minimax_m3_fused_ops37fusedMiniMaxM3QNormRopeKVInsertKernelIN3c108BFloat16E13__nv_bfloat16LNS_18Fp8KVCacheDataTypeE0ELb0EhLb1ELb0ELb1ELb1EEEvPT_S7_PhPT3_PKS6_SC_SC_SC_SC_PKlSE_SE_PT0_SA_ffiiiiiillllPKfSI_
    0 bytes stack frame, 0 bytes spill stores, 0 bytes spill loads
ptxas info    : Used 35 registers, used 0 barriers
ptxas info    : Compile time = 6.560 ms
ptxas info    : Compiling entry function '_ZN4vllm20minimax_m3_fused_ops37fusedMiniMaxM3QNormRopeKVInsertKernelIN3c108BFloat16E13__nv_bfloat16LNS_18Fp8KVCacheDataTypeE0ELb0ES3_Lb1ELb1ELb1ELb0EEEvPT_S7_PhPT3_PKS6_SC_SC_SC_SC_PKlSE_SE_PT0_SA_ffiiiiiillllPKfSI_' for 'sm_107a'
ptxas info    : Function properties for _ZN4vllm20minimax_m3_fused_ops37fusedMiniMaxM3QNormRopeKVInsertKernelIN3c108BFloat16E13__nv_bfloat16LNS_18Fp8KVCacheDataTypeE0ELb0ES3_Lb1ELb1ELb1ELb0EEEvPT_S7_PhPT3_PKS6_SC_SC_SC_SC_PKlSE_SE_PT0_SA_ffiiiiiillllPKfSI_
    0 bytes stack frame, 0 bytes spill stores, 0 bytes spill loads
ptxas info    : Used 34 registers, used 0 barriers
ptxas info    : Compile time = 11.762 ms
ptxas info    : Compiling entry function '_ZN4vllm20minimax_m3_fused_ops37fusedMiniMaxM3QNormRopeKVInsertKernelIN3c108BFloat16E13__nv_bfloat16LNS_18Fp8KVCacheDataTypeE0ELb0EhLb1ELb1ELb1ELb1EEEvPT_S7_PhPT3_PKS6_SC_SC_SC_SC_PKlSE_SE_PT0_SA_ffiiiiiillllPKfSI_' for 'sm_107a'
ptxas info    : Function properties for _ZN4vllm20minimax_m3_fused_ops37fusedMiniMaxM3QNormRopeKVInsertKernelIN3c108BFloat16E13__nv_bfloat16LNS_18Fp8KVCacheDataTypeE0ELb0EhLb1ELb1ELb1ELb1EEEvPT_S7_PhPT3_PKS6_SC_SC_SC_SC_PKlSE_SE_PT0_SA_ffiiiiiillllPKfSI_
    0 bytes stack frame, 0 bytes spill stores, 0 bytes spill loads
ptxas info    : Used 38 registers, used 0 barriers
ptxas info    : Compile time = 12.379 ms
ptxas info    : Compiling entry function '_ZN4vllm20minimax_m3_fused_ops37fusedMiniMaxM3QNormRopeKVInsertKernelIN3c108BFloat16E13__nv_bfloat16LNS_18Fp8KVCacheDataTypeE0ELb0ES3_Lb1ELb0ELb0ELb0EEEvPT_S7_PhPT3_PKS6_SC_SC_SC_SC_PKlSE_SE_PT0_SA_ffiiiiiillllPKfSI_' for 'sm_107a'
ptxas info    : Function properties for _ZN4vllm20minimax_m3_fused_ops37fusedMiniMaxM3QNormRopeKVInsertKernelIN3c108BFloat16E13__nv_bfloat16LNS_18Fp8KVCacheDataTypeE0ELb0ES3_Lb1ELb0ELb0ELb0EEEvPT_S7_PhPT3_PKS6_SC_SC_SC_SC_PKlSE_SE_PT0_SA_ffiiiiiillllPKfSI_
    0 bytes stack frame, 0 bytes spill stores, 0 bytes spill loads
ptxas info    : Used 36 registers, used 0 barriers
ptxas info    : Compile time = 5.793 ms
ptxas info    : Compiling entry function '_ZN4vllm20minimax_m3_fused_ops37fusedMiniMaxM3QNormRopeKVInsertKernelIN3c108BFloat16E13__nv_bfloat16LNS_18Fp8KVCacheDataTypeE0ELb0ES3_Lb1ELb1ELb0ELb0EEEvPT_S7_PhPT3_PKS6_SC_SC_SC_SC_PKlSE_SE_PT0_SA_ffiiiiiillllPKfSI_' for 'sm_107a'
ptxas info    : Function properties for _ZN4vllm20minimax_m3_fused_ops37fusedMiniMaxM3QNormRopeKVInsertKernelIN3c108BFloat16E13__nv_bfloat16LNS_18Fp8KVCacheDataTypeE0ELb0ES3_Lb1ELb1ELb0ELb0EEEvPT_S7_PhPT3_PKS6_SC_SC_SC_SC_PKlSE_SE_PT0_SA_ffiiiiiillllPKfSI_
    0 bytes stack frame, 0 bytes spill stores, 0 bytes spill loads
ptxas info    : Used 34 registers, used 0 barriers
ptxas info    : Compile time = 10.709 ms
ptxas info    : Compiling entry function '_ZN4vllm20minimax_m3_fused_ops37fusedMiniMaxM3QNormRopeKVInsertKernelIN3c108BFloat16EtLNS_18Fp8KVCacheDataTypeE0ELb0ES3_Lb0ELb0ELb0ELb0EEEvPT_S6_PhPT3_PKS5_SB_SB_SB_SB_PKlSD_SD_PT0_S9_ffiiiiiillllPKfSH_' for 'sm_107a'
ptxas info    : Function properties for _ZN4vllm20minimax_m3_fused_ops37fusedMiniMaxM3QNormRopeKVInsertKernelIN3c108BFloat16EtLNS_18Fp8KVCacheDataTypeE0ELb0ES3_Lb0ELb0ELb0ELb0EEEvPT_S6_PhPT3_PKS5_SB_SB_SB_SB_PKlSD_SD_PT0_S9_ffiiiiiillllPKfSH_
    0 bytes stack frame, 0 bytes spill stores, 0 bytes spill loads
ptxas info    : Used 36 registers, used 0 barriers
ptxas info    : Compile time = 5.714 ms
ptxas info    : Compiling entry function '_ZN4vllm20minimax_m3_fused_ops37fusedMiniMaxM3QNormRopeKVInsertKernelIN3c108BFloat16EtLNS_18Fp8KVCacheDataTypeE0ELb0ES3_Lb1ELb0ELb1ELb0EEEvPT_S6_PhPT3_PKS5_SB_SB_SB_SB_PKlSD_SD_PT0_S9_ffiiiiiillllPKfSH_' for 'sm_107a'
ptxas info    : Function properties for _ZN4vllm20minimax_m3_fused_ops37fusedMiniMaxM3QNormRopeKVInsertKernelIN3c108BFloat16EtLNS_18Fp8KVCacheDataTypeE0ELb0ES3_Lb1ELb0ELb1ELb0EEEvPT_S6_PhPT3_PKS5_SB_SB_SB_SB_PKlSD_SD_PT0_S9_ffiiiiiillllPKfSH_
    0 bytes stack frame, 0 bytes spill stores, 0 bytes spill loads
ptxas info    : Used 34 registers, used 0 barriers
ptxas info    : Compile time = 6.345 ms
ptxas info    : Compiling entry function '_ZN4vllm20minimax_m3_fused_ops37fusedMiniMaxM3QNormRopeKVInsertKernelIN3c108BFloat16EtLNS_18Fp8KVCacheDataTypeE0ELb0EhLb1ELb0ELb1ELb1EEEvPT_S6_PhPT3_PKS5_SB_SB_SB_SB_PKlSD_SD_PT0_S9_ffiiiiiillllPKfSH_' for 'sm_107a'
ptxas info    : Function properties for _ZN4vllm20minimax_m3_fused_ops37fusedMiniMaxM3QNormRopeKVInsertKernelIN3c108BFloat16EtLNS_18Fp8KVCacheDataTypeE0ELb0EhLb1ELb0ELb1ELb1EEEvPT_S6_PhPT3_PKS5_SB_SB_SB_SB_PKlSD_SD_PT0_S9_ffiiiiiillllPKfSH_
    0 bytes stack frame, 0 bytes spill stores, 0 bytes spill loads
ptxas info    : Used 35 registers, used 0 barriers
ptxas info    : Compile time = 6.492 ms
ptxas info    : Compiling entry function '_ZN4vllm20minimax_m3_fused_ops37fusedMiniMaxM3QNormRopeKVInsertKernelIN3c108BFloat16EtLNS_18Fp8KVCacheDataTypeE0ELb0ES3_Lb1ELb1ELb1ELb0EEEvPT_S6_PhPT3_PKS5_SB_SB_SB_SB_PKlSD_SD_PT0_S9_ffiiiiiillllPKfSH_' for 'sm_107a'
ptxas info    : Function properties for _ZN4vllm20minimax_m3_fused_ops37fusedMiniMaxM3QNormRopeKVInsertKernelIN3c108BFloat16EtLNS_18Fp8KVCacheDataTypeE0ELb0ES3_Lb1ELb1ELb1ELb0EEEvPT_S6_PhPT3_PKS5_SB_SB_SB_SB_PKlSD_SD_PT0_S9_ffiiiiiillllPKfSH_
    0 bytes stack frame, 0 bytes spill stores, 0 bytes spill loads
ptxas info    : Used 34 registers, used 0 barriers
ptxas info    : Compile time = 11.383 ms
ptxas info    : Compiling entry function '_ZN4vllm20minimax_m3_fused_ops37fusedMiniMaxM3QNormRopeKVInsertKernelIN3c108BFloat16EtLNS_18Fp8KVCacheDataTypeE0ELb0EhLb1ELb1ELb1ELb1EEEvPT_S6_PhPT3_PKS5_SB_SB_SB_SB_PKlSD_SD_PT0_S9_ffiiiiiillllPKfSH_' for 'sm_107a'
ptxas info    : Function properties for _ZN4vllm20minimax_m3_fused_ops37fusedMiniMaxM3QNormRopeKVInsertKernelIN3c108BFloat16EtLNS_18Fp8KVCacheDataTypeE0ELb0EhLb1ELb1ELb1ELb1EEEvPT_S6_PhPT3_PKS5_SB_SB_SB_SB_PKlSD_SD_PT0_S9_ffiiiiiillllPKfSH_
    0 bytes stack frame, 0 bytes spill stores, 0 bytes spill loads
ptxas info    : Used 38 registers, used 0 barriers
ptxas info    : Compile time = 11.970 ms
ptxas info    : Compiling entry function '_ZN4vllm20minimax_m3_fused_ops37fusedMiniMaxM3QNormRopeKVInsertKernelIN3c108BFloat16EtLNS_18Fp8KVCacheDataTypeE0ELb0ES3_Lb1ELb0ELb0ELb0EEEvPT_S6_PhPT3_PKS5_SB_SB_SB_SB_PKlSD_SD_PT0_S9_ffiiiiiillllPKfSH_' for 'sm_107a'
ptxas info    : Function properties for _ZN4vllm20minimax_m3_fused_ops37fusedMiniMaxM3QNormRopeKVInsertKernelIN3c108BFloat16EtLNS_18Fp8KVCacheDataTypeE0ELb0ES3_Lb1ELb0ELb0ELb0EEEvPT_S6_PhPT3_PKS5_SB_SB_SB_SB_PKlSD_SD_PT0_S9_ffiiiiiillllPKfSH_
    0 bytes stack frame, 0 bytes spill stores, 0 bytes spill loads
ptxas info    : Used 36 registers, used 0 barriers
ptxas info    : Compile time = 5.762 ms
ptxas info    : Compiling entry function '_ZN4vllm20minimax_m3_fused_ops37fusedMiniMaxM3QNormRopeKVInsertKernelIN3c108BFloat16EtLNS_18Fp8KVCacheDataTypeE0ELb0ES3_Lb1ELb1ELb0ELb0EEEvPT_S6_PhPT3_PKS5_SB_SB_SB_SB_PKlSD_SD_PT0_S9_ffiiiiiillllPKfSH_' for 'sm_107a'
ptxas info    : Function properties for _ZN4vllm20minimax_m3_fused_ops37fusedMiniMaxM3QNormRopeKVInsertKernelIN3c108BFloat16EtLNS_18Fp8KVCacheDataTypeE0ELb0ES3_Lb1ELb1ELb0ELb0EEEvPT_S6_PhPT3_PKS5_SB_SB_SB_SB_PKlSD_SD_PT0_S9_ffiiiiiillllPKfSH_
    0 bytes stack frame, 0 bytes spill stores, 0 bytes spill loads
ptxas info    : Used 34 registers, used 0 barriers
ptxas info    : Compile time = 10.724 ms
ptxas info    : Compiling entry function '_ZN4vllm20minimax_m3_fused_ops37fusedMiniMaxM3QNormRopeKVInsertKernelIN3c108BFloat16EfLNS_18Fp8KVCacheDataTypeE0ELb0ES3_Lb0ELb0ELb0ELb0EEEvPT_S6_PhPT3_PKS5_SB_SB_SB_SB_PKlSD_SD_PT0_S9_ffiiiiiillllPKfSH_' for 'sm_107a'
ptxas info    : Function properties for _ZN4vllm20minimax_m3_fused_ops37fusedMiniMaxM3QNormRopeKVInsertKernelIN3c108BFloat16EfLNS_18Fp8KVCacheDataTypeE0ELb0ES3_Lb0ELb0ELb0ELb0EEEvPT_S6_PhPT3_PKS5_SB_SB_SB_SB_PKlSD_SD_PT0_S9_ffiiiiiillllPKfSH_
    0 bytes stack frame, 0 bytes spill stores, 0 bytes spill loads
ptxas info    : Used 36 registers, used 0 barriers
ptxas info    : Compile time = 5.733 ms
ptxas info    : Compiling entry function '_ZN4vllm20minimax_m3_fused_ops37fusedMiniMaxM3QNormRopeKVInsertKernelIN3c108BFloat16EfLNS_18Fp8KVCacheDataTypeE0ELb0ES3_Lb1ELb0ELb1ELb0EEEvPT_S6_PhPT3_PKS5_SB_SB_SB_SB_PKlSD_SD_PT0_S9_ffiiiiiillllPKfSH_' for 'sm_107a'
ptxas info    : Function properties for _ZN4vllm20minimax_m3_fused_ops37fusedMiniMaxM3QNormRopeKVInsertKernelIN3c108BFloat16EfLNS_18Fp8KVCacheDataTypeE0ELb0ES3_Lb1ELb0ELb1ELb0EEEvPT_S6_PhPT3_PKS5_SB_SB_SB_SB_PKlSD_SD_PT0_S9_ffiiiiiillllPKfSH_
    0 bytes stack frame, 0 bytes spill stores, 0 bytes spill loads
ptxas info    : Used 34 registers, used 0 barriers
ptxas info    : Compile time = 6.353 ms
ptxas info    : Compiling entry function '_ZN4vllm20minimax_m3_fused_ops37fusedMiniMaxM3QNormRopeKVInsertKernelIN3c108BFloat16EfLNS_18Fp8KVCacheDataTypeE0ELb0EhLb1ELb0ELb1ELb1EEEvPT_S6_PhPT3_PKS5_SB_SB_SB_SB_PKlSD_SD_PT0_S9_ffiiiiiillllPKfSH_' for 'sm_107a'
ptxas info    : Function properties for _ZN4vllm20minimax_m3_fused_ops37fusedMiniMaxM3QNormRopeKVInsertKernelIN3c108BFloat16EfLNS_18Fp8KVCacheDataTypeE0ELb0EhLb1ELb0ELb1ELb1EEEvPT_S6_PhPT3_PKS5_SB_SB_SB_SB_PKlSD_SD_PT0_S9_ffiiiiiillllPKfSH_
    0 bytes stack frame, 0 bytes spill stores, 0 bytes spill loads
ptxas info    : Used 35 registers, used 0 barriers
ptxas info    : Compile time = 6.554 ms
ptxas info    : Compiling entry function '_ZN4vllm20minimax_m3_fused_ops37fusedMiniMaxM3QNormRopeKVInsertKernelIN3c108BFloat16EfLNS_18Fp8KVCacheDataTypeE0ELb0ES3_Lb1ELb1ELb1ELb0EEEvPT_S6_PhPT3_PKS5_SB_SB_SB_SB_PKlSD_SD_PT0_S9_ffiiiiiillllPKfSH_' for 'sm_107a'
ptxas info    : Function properties for _ZN4vllm20minimax_m3_fused_ops37fusedMiniMaxM3QNormRopeKVInsertKernelIN3c108BFloat16EfLNS_18Fp8KVCacheDataTypeE0ELb0ES3_Lb1ELb1ELb1ELb0EEEvPT_S6_PhPT3_PKS5_SB_SB_SB_SB_PKlSD_SD_PT0_S9_ffiiiiiillllPKfSH_
    0 bytes stack frame, 0 bytes spill stores, 0 bytes spill loads
ptxas info    : Used 34 registers, used 0 barriers
ptxas info    : Compile time = 12.511 ms
ptxas info    : Compiling entry function '_ZN4vllm20minimax_m3_fused_ops37fusedMiniMaxM3QNormRopeKVInsertKernelIN3c108BFloat16EfLNS_18Fp8KVCacheDataTypeE0ELb0EhLb1ELb1ELb1ELb1EEEvPT_S6_PhPT3_PKS5_SB_SB_SB_SB_PKlSD_SD_PT0_S9_ffiiiiiillllPKfSH_' for 'sm_107a'
ptxas info    : Function properties for _ZN4vllm20minimax_m3_fused_ops37fusedMiniMaxM3QNormRopeKVInsertKernelIN3c108BFloat16EfLNS_18Fp8KVCacheDataTypeE0ELb0EhLb1ELb1ELb1ELb1EEEvPT_S6_PhPT3_PKS5_SB_SB_SB_SB_PKlSD_SD_PT0_S9_ffiiiiiillllPKfSH_
    0 bytes stack frame, 0 bytes spill stores, 0 bytes spill loads
ptxas info    : Used 38 registers, used 0 barriers
ptxas info    : Compile time = 13.176 ms
ptxas info    : Compiling entry function '_ZN4vllm20minimax_m3_fused_ops37fusedMiniMaxM3QNormRopeKVInsertKernelIN3c108BFloat16EfLNS_18Fp8KVCacheDataTypeE0ELb0ES3_Lb1ELb0ELb0ELb0EEEvPT_S6_PhPT3_PKS5_SB_SB_SB_SB_PKlSD_SD_PT0_S9_ffiiiiiillllPKfSH_' for 'sm_107a'
ptxas info    : Function properties for _ZN4vllm20minimax_m3_fused_ops37fusedMiniMaxM3QNormRopeKVInsertKernelIN3c108BFloat16EfLNS_18Fp8KVCacheDataTypeE0ELb0ES3_Lb1ELb0ELb0ELb0EEEvPT_S6_PhPT3_PKS5_SB_SB_SB_SB_PKlSD_SD_PT0_S9_ffiiiiiillllPKfSH_
    0 bytes stack frame, 0 bytes spill stores, 0 bytes spill loads
ptxas info    : Used 36 registers, used 0 barriers
ptxas info    : Compile time = 5.876 ms
ptxas info    : Compiling entry function '_ZN4vllm20minimax_m3_fused_ops37fusedMiniMaxM3QNormRopeKVInsertKernelIN3c108BFloat16EfLNS_18Fp8KVCacheDataTypeE0ELb0ES3_Lb1ELb1ELb0ELb0EEEvPT_S6_PhPT3_PKS5_SB_SB_SB_SB_PKlSD_SD_PT0_S9_ffiiiiiillllPKfSH_' for 'sm_107a'
ptxas info    : Function properties for _ZN4vllm20minimax_m3_fused_ops37fusedMiniMaxM3QNormRopeKVInsertKernelIN3c108BFloat16EfLNS_18Fp8KVCacheDataTypeE0ELb0ES3_Lb1ELb1ELb0ELb0EEEvPT_S6_PhPT3_PKS5_SB_SB_SB_SB_PKlSD_SD_PT0_S9_ffiiiiiillllPKfSH_
    0 bytes stack frame, 0 bytes spill stores, 0 bytes spill loads
ptxas info    : Used 34 registers, used 0 barriers
ptxas info    : Compile time = 11.069 ms
ptxas info    : Compiling entry function '_ZN4vllm20minimax_m3_fused_ops37fusedMiniMaxM3QNormRopeKVInsertKernelIN3c104HalfEhLNS_18Fp8KVCacheDataTypeE2ELb0ES3_Lb0ELb0ELb0ELb0EEEvPT_S6_PhPT3_PKS5_SB_SB_SB_SB_PKlSD_SD_PT0_S9_ffiiiiiillllPKfSH_' for 'sm_107a'
ptxas info    : Function properties for _ZN4vllm20minimax_m3_fused_ops37fusedMiniMaxM3QNormRopeKVInsertKernelIN3c104HalfEhLNS_18Fp8KVCacheDataTypeE2ELb0ES3_Lb0ELb0ELb0ELb0EEEvPT_S6_PhPT3_PKS5_SB_SB_SB_SB_PKlSD_SD_PT0_S9_ffiiiiiillllPKfSH_
    0 bytes stack frame, 0 bytes spill stores, 0 bytes spill loads
ptxas info    : Used 36 registers, used 0 barriers
ptxas info    : Compile time = 5.743 ms
ptxas info    : Compiling entry function '_ZN4vllm20minimax_m3_fused_ops37fusedMiniMaxM3QNormRopeKVInsertKernelIN3c104HalfEhLNS_18Fp8KVCacheDataTypeE2ELb0ES3_Lb1ELb0ELb1ELb0EEEvPT_S6_PhPT3_PKS5_SB_SB_SB_SB_PKlSD_SD_PT0_S9_ffiiiiiillllPKfSH_' for 'sm_107a'
ptxas info    : Function properties for _ZN4vllm20minimax_m3_fused_ops37fusedMiniMaxM3QNormRopeKVInsertKernelIN3c104HalfEhLNS_18Fp8KVCacheDataTypeE2ELb0ES3_Lb1ELb0ELb1ELb0EEEvPT_S6_PhPT3_PKS5_SB_SB_SB_SB_PKlSD_SD_PT0_S9_ffiiiiiillllPKfSH_
    0 bytes stack frame, 0 bytes spill stores, 0 bytes spill loads
ptxas info    : Used 34 registers, used 0 barriers
ptxas info    : Compile time = 6.365 ms
ptxas info    : Compiling entry function '_ZN4vllm20minimax_m3_fused_ops37fusedMiniMaxM3QNormRopeKVInsertKernelIN3c104HalfEhLNS_18Fp8KVCacheDataTypeE2ELb0EhLb1ELb0ELb1ELb1EEEvPT_S6_PhPT3_PKS5_SB_SB_SB_SB_PKlSD_SD_PT0_S9_ffiiiiiillllPKfSH_' for 'sm_107a'
ptxas info    : Function properties for _ZN4vllm20minimax_m3_fused_ops37fusedMiniMaxM3QNormRopeKVInsertKernelIN3c104HalfEhLNS_18Fp8KVCacheDataTypeE2ELb0EhLb1ELb0ELb1ELb1EEEvPT_S6_PhPT3_PKS5_SB_SB_SB_SB_PKlSD_SD_PT0_S9_ffiiiiiillllPKfSH_
    0 bytes stack frame, 0 bytes spill stores, 0 bytes spill loads
ptxas info    : Used 35 registers, used 0 barriers
ptxas info    : Compile time = 6.525 ms
ptxas info    : Compiling entry function '_ZN4vllm20minimax_m3_fused_ops37fusedMiniMaxM3QNormRopeKVInsertKernelIN3c104HalfEhLNS_18Fp8KVCacheDataTypeE2ELb0ES3_Lb1ELb1ELb1ELb0EEEvPT_S6_PhPT3_PKS5_SB_SB_SB_SB_PKlSD_SD_PT0_S9_ffiiiiiillllPKfSH_' for 'sm_107a'
ptxas info    : Function properties for _ZN4vllm20minimax_m3_fused_ops37fusedMiniMaxM3QNormRopeKVInsertKernelIN3c104HalfEhLNS_18Fp8KVCacheDataTypeE2ELb0ES3_Lb1ELb1ELb1ELb0EEEvPT_S6_PhPT3_PKS5_SB_SB_SB_SB_PKlSD_SD_PT0_S9_ffiiiiiillllPKfSH_
    0 bytes stack frame, 0 bytes spill stores, 0 bytes spill loads
ptxas info    : Used 34 registers, used 0 barriers
ptxas info    : Compile time = 11.626 ms
ptxas info    : Compiling entry function '_ZN4vllm20minimax_m3_fused_ops37fusedMiniMaxM3QNormRopeKVInsertKernelIN3c104HalfEhLNS_18Fp8KVCacheDataTypeE2ELb0EhLb1ELb1ELb1ELb1EEEvPT_S6_PhPT3_PKS5_SB_SB_SB_SB_PKlSD_SD_PT0_S9_ffiiiiiillllPKfSH_' for 'sm_107a'
ptxas info    : Function properties for _ZN4vllm20minimax_m3_fused_ops37fusedMiniMaxM3QNormRopeKVInsertKernelIN3c104HalfEhLNS_18Fp8KVCacheDataTypeE2ELb0EhLb1ELb1ELb1ELb1EEEvPT_S6_PhPT3_PKS5_SB_SB_SB_SB_PKlSD_SD_PT0_S9_ffiiiiiillllPKfSH_
    0 bytes stack frame, 0 bytes spill stores, 0 bytes spill loads
ptxas info    : Used 38 registers, used 0 barriers
ptxas info    : Compile time = 11.990 ms
ptxas info    : Compiling entry function '_ZN4vllm20minimax_m3_fused_ops37fusedMiniMaxM3QNormRopeKVInsertKernelIN3c104HalfEhLNS_18Fp8KVCacheDataTypeE2ELb0ES3_Lb1ELb0ELb0ELb0EEEvPT_S6_PhPT3_PKS5_SB_SB_SB_SB_PKlSD_SD_PT0_S9_ffiiiiiillllPKfSH_' for 'sm_107a'
ptxas info    : Function properties for _ZN4vllm20minimax_m3_fused_ops37fusedMiniMaxM3QNormRopeKVInsertKernelIN3c104HalfEhLNS_18Fp8KVCacheDataTypeE2ELb0ES3_Lb1ELb0ELb0ELb0EEEvPT_S6_PhPT3_PKS5_SB_SB_SB_SB_PKlSD_SD_PT0_S9_ffiiiiiillllPKfSH_
    0 bytes stack frame, 0 bytes spill stores, 0 bytes spill loads
ptxas info    : Used 36 registers, used 0 barriers
ptxas info    : Compile time = 5.762 ms
ptxas info    : Compiling entry function '_ZN4vllm20minimax_m3_fused_ops37fusedMiniMaxM3QNormRopeKVInsertKernelIN3c104HalfEhLNS_18Fp8KVCacheDataTypeE2ELb0ES3_Lb1ELb1ELb0ELb0EEEvPT_S6_PhPT3_PKS5_SB_SB_SB_SB_PKlSD_SD_PT0_S9_ffiiiiiillllPKfSH_' for 'sm_107a'
ptxas info    : Function properties for _ZN4vllm20minimax_m3_fused_ops37fusedMiniMaxM3QNormRopeKVInsertKernelIN3c104HalfEhLNS_18Fp8KVCacheDataTypeE2ELb0ES3_Lb1ELb1ELb0ELb0EEEvPT_S6_PhPT3_PKS5_SB_SB_SB_SB_PKlSD_SD_PT0_S9_ffiiiiiillllPKfSH_
    0 bytes stack frame, 0 bytes spill stores, 0 bytes spill loads
ptxas info    : Used 34 registers, used 0 barriers
ptxas info    : Compile time = 10.753 ms
ptxas info    : Compiling entry function '_ZN4vllm20minimax_m3_fused_ops37fusedMiniMaxM3QNormRopeKVInsertKernelIN3c104HalfEhLNS_18Fp8KVCacheDataTypeE1ELb0ES3_Lb0ELb0ELb0ELb0EEEvPT_S6_PhPT3_PKS5_SB_SB_SB_SB_PKlSD_SD_PT0_S9_ffiiiiiillllPKfSH_' for 'sm_107a'
ptxas info    : Function properties for _ZN4vllm20minimax_m3_fused_ops37fusedMiniMaxM3QNormRopeKVInsertKernelIN3c104HalfEhLNS_18Fp8KVCacheDataTypeE1ELb0ES3_Lb0ELb0ELb0ELb0EEEvPT_S6_PhPT3_PKS5_SB_SB_SB_SB_PKlSD_SD_PT0_S9_ffiiiiiillllPKfSH_
    0 bytes stack frame, 0 bytes spill stores, 0 bytes spill loads
ptxas info    : Used 36 registers, used 0 barriers
ptxas info    : Compile time = 5.715 ms
ptxas info    : Compiling entry function '_ZN4vllm20minimax_m3_fused_ops37fusedMiniMaxM3QNormRopeKVInsertKernelIN3c104HalfEhLNS_18Fp8KVCacheDataTypeE1ELb0ES3_Lb1ELb0ELb1ELb0EEEvPT_S6_PhPT3_PKS5_SB_SB_SB_SB_PKlSD_SD_PT0_S9_ffiiiiiillllPKfSH_' for 'sm_107a'
ptxas info    : Function properties for _ZN4vllm20minimax_m3_fused_ops37fusedMiniMaxM3QNormRopeKVInsertKernelIN3c104HalfEhLNS_18Fp8KVCacheDataTypeE1ELb0ES3_Lb1ELb0ELb1ELb0EEEvPT_S6_PhPT3_PKS5_SB_SB_SB_SB_PKlSD_SD_PT0_S9_ffiiiiiillllPKfSH_
    0 bytes stack frame, 0 bytes spill stores, 0 bytes spill loads
ptxas info    : Used 34 registers, used 0 barriers
ptxas info    : Compile time = 6.328 ms
ptxas info    : Compiling entry function '_ZN4vllm20minimax_m3_fused_ops37fusedMiniMaxM3QNormRopeKVInsertKernelIN3c104HalfEhLNS_18Fp8KVCacheDataTypeE1ELb0EhLb1ELb0ELb1ELb1EEEvPT_S6_PhPT3_PKS5_SB_SB_SB_SB_PKlSD_SD_PT0_S9_ffiiiiiillllPKfSH_' for 'sm_107a'
ptxas info    : Function properties for _ZN4vllm20minimax_m3_fused_ops37fusedMiniMaxM3QNormRopeKVInsertKernelIN3c104HalfEhLNS_18Fp8KVCacheDataTypeE1ELb0EhLb1ELb0ELb1ELb1EEEvPT_S6_PhPT3_PKS5_SB_SB_SB_SB_PKlSD_SD_PT0_S9_ffiiiiiillllPKfSH_
    0 bytes stack frame, 0 bytes spill stores, 0 bytes spill loads
ptxas info    : Used 35 registers, used 0 barriers
ptxas info    : Compile time = 6.480 ms
ptxas info    : Compiling entry function '_ZN4vllm20minimax_m3_fused_ops37fusedMiniMaxM3QNormRopeKVInsertKernelIN3c104HalfEhLNS_18Fp8KVCacheDataTypeE1ELb0ES3_Lb1ELb1ELb1ELb0EEEvPT_S6_PhPT3_PKS5_SB_SB_SB_SB_PKlSD_SD_PT0_S9_ffiiiiiillllPKfSH_' for 'sm_107a'
ptxas info    : Function properties for _ZN4vllm20minimax_m3_fused_ops37fusedMiniMaxM3QNormRopeKVInsertKernelIN3c104HalfEhLNS_18Fp8KVCacheDataTypeE1ELb0ES3_Lb1ELb1ELb1ELb0EEEvPT_S6_PhPT3_PKS5_SB_SB_SB_SB_PKlSD_SD_PT0_S9_ffiiiiiillllPKfSH_
    0 bytes stack frame, 0 bytes spill stores, 0 bytes spill loads
ptxas info    : Used 34 registers, used 0 barriers
ptxas info    : Compile time = 11.402 ms
ptxas info    : Compiling entry function '_ZN4vllm20minimax_m3_fused_ops37fusedMiniMaxM3QNormRopeKVInsertKernelIN3c104HalfEhLNS_18Fp8KVCacheDataTypeE1ELb0EhLb1ELb1ELb1ELb1EEEvPT_S6_PhPT3_PKS5_SB_SB_SB_SB_PKlSD_SD_PT0_S9_ffiiiiiillllPKfSH_' for 'sm_107a'
ptxas info    : Function properties for _ZN4vllm20minimax_m3_fused_ops37fusedMiniMaxM3QNormRopeKVInsertKernelIN3c104HalfEhLNS_18Fp8KVCacheDataTypeE1ELb0EhLb1ELb1ELb1ELb1EEEvPT_S6_PhPT3_PKS5_SB_SB_SB_SB_PKlSD_SD_PT0_S9_ffiiiiiillllPKfSH_
    0 bytes stack frame, 0 bytes spill stores, 0 bytes spill loads
ptxas info    : Used 38 registers, used 0 barriers
ptxas info    : Compile time = 12.195 ms
ptxas info    : Compiling entry function '_ZN4vllm20minimax_m3_fused_ops37fusedMiniMaxM3QNormRopeKVInsertKernelIN3c104HalfEhLNS_18Fp8KVCacheDataTypeE1ELb0ES3_Lb1ELb0ELb0ELb0EEEvPT_S6_PhPT3_PKS5_SB_SB_SB_SB_PKlSD_SD_PT0_S9_ffiiiiiillllPKfSH_' for 'sm_107a'
ptxas info    : Function properties for _ZN4vllm20minimax_m3_fused_ops37fusedMiniMaxM3QNormRopeKVInsertKernelIN3c104HalfEhLNS_18Fp8KVCacheDataTypeE1ELb0ES3_Lb1ELb0ELb0ELb0EEEvPT_S6_PhPT3_PKS5_SB_SB_SB_SB_PKlSD_SD_PT0_S9_ffiiiiiillllPKfSH_
    0 bytes stack frame, 0 bytes spill stores, 0 bytes spill loads
ptxas info    : Used 36 registers, used 0 barriers
ptxas info    : Compile time = 5.768 ms
ptxas info    : Compiling entry function '_ZN4vllm20minimax_m3_fused_ops37fusedMiniMaxM3QNormRopeKVInsertKernelIN3c104HalfEhLNS_18Fp8KVCacheDataTypeE1ELb0ES3_Lb1ELb1ELb0ELb0EEEvPT_S6_PhPT3_PKS5_SB_SB_SB_SB_PKlSD_SD_PT0_S9_ffiiiiiillllPKfSH_' for 'sm_107a'
ptxas info    : Function properties for _ZN4vllm20minimax_m3_fused_ops37fusedMiniMaxM3QNormRopeKVInsertKernelIN3c104HalfEhLNS_18Fp8KVCacheDataTypeE1ELb0ES3_Lb1ELb1ELb0ELb0EEEvPT_S6_PhPT3_PKS5_SB_SB_SB_SB_PKlSD_SD_PT0_S9_ffiiiiiillllPKfSH_
    0 bytes stack frame, 0 bytes spill stores, 0 bytes spill loads
ptxas info    : Used 34 registers, used 0 barriers
ptxas info    : Compile time = 11.063 ms
ptxas info    : Compiling entry function '_ZN4vllm20minimax_m3_fused_ops37fusedMiniMaxM3QNormRopeKVInsertKernelIN3c104HalfE13__nv_bfloat16LNS_18Fp8KVCacheDataTypeE0ELb0ES3_Lb0ELb0ELb0ELb0EEEvPT_S7_PhPT3_PKS6_SC_SC_SC_SC_PKlSE_SE_PT0_SA_ffiiiiiillllPKfSI_' for 'sm_107a'
ptxas info    : Function properties for _ZN4vllm20minimax_m3_fused_ops37fusedMiniMaxM3QNormRopeKVInsertKernelIN3c104HalfE13__nv_bfloat16LNS_18Fp8KVCacheDataTypeE0ELb0ES3_Lb0ELb0ELb0ELb0EEEvPT_S7_PhPT3_PKS6_SC_SC_SC_SC_PKlSE_SE_PT0_SA_ffiiiiiillllPKfSI_
    0 bytes stack frame, 0 bytes spill stores, 0 bytes spill loads
ptxas info    : Used 36 registers, used 0 barriers
ptxas info    : Compile time = 5.725 ms
ptxas info    : Compiling entry function '_ZN4vllm20minimax_m3_fused_ops37fusedMiniMaxM3QNormRopeKVInsertKernelIN3c104HalfE13__nv_bfloat16LNS_18Fp8KVCacheDataTypeE0ELb0ES3_Lb1ELb0ELb1ELb0EEEvPT_S7_PhPT3_PKS6_SC_SC_SC_SC_PKlSE_SE_PT0_SA_ffiiiiiillllPKfSI_' for 'sm_107a'
ptxas info    : Function properties for _ZN4vllm20minimax_m3_fused_ops37fusedMiniMaxM3QNormRopeKVInsertKernelIN3c104HalfE13__nv_bfloat16LNS_18Fp8KVCacheDataTypeE0ELb0ES3_Lb1ELb0ELb1ELb0EEEvPT_S7_PhPT3_PKS6_SC_SC_SC_SC_PKlSE_SE_PT0_SA_ffiiiiiillllPKfSI_
    0 bytes stack frame, 0 bytes spill stores, 0 bytes spill loads
ptxas info    : Used 34 registers, used 0 barriers
ptxas info    : Compile time = 6.327 ms
ptxas info    : Compiling entry function '_ZN4vllm20minimax_m3_fused_ops37fusedMiniMaxM3QNormRopeKVInsertKernelIN3c104HalfE13__nv_bfloat16LNS_18Fp8KVCacheDataTypeE0ELb0EhLb1ELb0ELb1ELb1EEEvPT_S7_PhPT3_PKS6_SC_SC_SC_SC_PKlSE_SE_PT0_SA_ffiiiiiillllPKfSI_' for 'sm_107a'
ptxas info    : Function properties for _ZN4vllm20minimax_m3_fused_ops37fusedMiniMaxM3QNormRopeKVInsertKernelIN3c104HalfE13__nv_bfloat16LNS_18Fp8KVCacheDataTypeE0ELb0EhLb1ELb0ELb1ELb1EEEvPT_S7_PhPT3_PKS6_SC_SC_SC_SC_PKlSE_SE_PT0_SA_ffiiiiiillllPKfSI_
    0 bytes stack frame, 0 bytes spill stores, 0 bytes spill loads
ptxas info    : Used 35 registers, used 0 barriers
ptxas info    : Compile time = 6.488 ms
ptxas info    : Compiling entry function '_ZN4vllm20minimax_m3_fused_ops37fusedMiniMaxM3QNormRopeKVInsertKernelIN3c104HalfE13__nv_bfloat16LNS_18Fp8KVCacheDataTypeE0ELb0ES3_Lb1ELb1ELb1ELb0EEEvPT_S7_PhPT3_PKS6_SC_SC_SC_SC_PKlSE_SE_PT0_SA_ffiiiiiillllPKfSI_' for 'sm_107a'
ptxas info    : Function properties for _ZN4vllm20minimax_m3_fused_ops37fusedMiniMaxM3QNormRopeKVInsertKernelIN3c104HalfE13__nv_bfloat16LNS_18Fp8KVCacheDataTypeE0ELb0ES3_Lb1ELb1ELb1ELb0EEEvPT_S7_PhPT3_PKS6_SC_SC_SC_SC_PKlSE_SE_PT0_SA_ffiiiiiillllPKfSI_
    0 bytes stack frame, 0 bytes spill stores, 0 bytes spill loads
ptxas info    : Used 34 registers, used 0 barriers
ptxas info    : Compile time = 11.436 ms
ptxas info    : Compiling entry function '_ZN4vllm20minimax_m3_fused_ops37fusedMiniMaxM3QNormRopeKVInsertKernelIN3c104HalfE13__nv_bfloat16LNS_18Fp8KVCacheDataTypeE0ELb0EhLb1ELb1ELb1ELb1EEEvPT_S7_PhPT3_PKS6_SC_SC_SC_SC_PKlSE_SE_PT0_SA_ffiiiiiillllPKfSI_' for 'sm_107a'
ptxas info    : Function properties for _ZN4vllm20minimax_m3_fused_ops37fusedMiniMaxM3QNormRopeKVInsertKernelIN3c104HalfE13__nv_bfloat16LNS_18Fp8KVCacheDataTypeE0ELb0EhLb1ELb1ELb1ELb1EEEvPT_S7_PhPT3_PKS6_SC_SC_SC_SC_PKlSE_SE_PT0_SA_ffiiiiiillllPKfSI_
    0 bytes stack frame, 0 bytes spill stores, 0 bytes spill loads
ptxas info    : Used 38 registers, used 0 barriers
ptxas info    : Compile time = 11.981 ms
ptxas info    : Compiling entry function '_ZN4vllm20minimax_m3_fused_ops37fusedMiniMaxM3QNormRopeKVInsertKernelIN3c104HalfE13__nv_bfloat16LNS_18Fp8KVCacheDataTypeE0ELb0ES3_Lb1ELb0ELb0ELb0EEEvPT_S7_PhPT3_PKS6_SC_SC_SC_SC_PKlSE_SE_PT0_SA_ffiiiiiillllPKfSI_' for 'sm_107a'
ptxas info    : Function properties for _ZN4vllm20minimax_m3_fused_ops37fusedMiniMaxM3QNormRopeKVInsertKernelIN3c104HalfE13__nv_bfloat16LNS_18Fp8KVCacheDataTypeE0ELb0ES3_Lb1ELb0ELb0ELb0EEEvPT_S7_PhPT3_PKS6_SC_SC_SC_SC_PKlSE_SE_PT0_SA_ffiiiiiillllPKfSI_
    0 bytes stack frame, 0 bytes spill stores, 0 bytes spill loads
ptxas info    : Used 36 registers, used 0 barriers
ptxas info    : Compile time = 5.775 ms
ptxas info    : Compiling entry function '_ZN4vllm20minimax_m3_fused_ops37fusedMiniMaxM3QNormRopeKVInsertKernelIN3c104HalfE13__nv_bfloat16LNS_18Fp8KVCacheDataTypeE0ELb0ES3_Lb1ELb1ELb0ELb0EEEvPT_S7_PhPT3_PKS6_SC_SC_SC_SC_PKlSE_SE_PT0_SA_ffiiiiiillllPKfSI_' for 'sm_107a'
ptxas info    : Function properties for _ZN4vllm20minimax_m3_fused_ops37fusedMiniMaxM3QNormRopeKVInsertKernelIN3c104HalfE13__nv_bfloat16LNS_18Fp8KVCacheDataTypeE0ELb0ES3_Lb1ELb1ELb0ELb0EEEvPT_S7_PhPT3_PKS6_SC_SC_SC_SC_PKlSE_SE_PT0_SA_ffiiiiiillllPKfSI_
    0 bytes stack frame, 0 bytes spill stores, 0 bytes spill loads
ptxas info    : Used 34 registers, used 0 barriers
ptxas info    : Compile time = 10.678 ms
ptxas info    : Compiling entry function '_ZN4vllm20minimax_m3_fused_ops37fusedMiniMaxM3QNormRopeKVInsertKernelIN3c104HalfEtLNS_18Fp8KVCacheDataTypeE0ELb0ES3_Lb0ELb0ELb0ELb0EEEvPT_S6_PhPT3_PKS5_SB_SB_SB_SB_PKlSD_SD_PT0_S9_ffiiiiiillllPKfSH_' for 'sm_107a'
ptxas info    : Function properties for _ZN4vllm20minimax_m3_fused_ops37fusedMiniMaxM3QNormRopeKVInsertKernelIN3c104HalfEtLNS_18Fp8KVCacheDataTypeE0ELb0ES3_Lb0ELb0ELb0ELb0EEEvPT_S6_PhPT3_PKS5_SB_SB_SB_SB_PKlSD_SD_PT0_S9_ffiiiiiillllPKfSH_
    0 bytes stack frame, 0 bytes spill stores, 0 bytes spill loads
ptxas info    : Used 36 registers, used 0 barriers
ptxas info    : Compile time = 5.757 ms
ptxas info    : Compiling entry function '_ZN4vllm20minimax_m3_fused_ops37fusedMiniMaxM3QNormRopeKVInsertKernelIN3c104HalfEtLNS_18Fp8KVCacheDataTypeE0ELb0ES3_Lb1ELb0ELb1ELb0EEEvPT_S6_PhPT3_PKS5_SB_SB_SB_SB_PKlSD_SD_PT0_S9_ffiiiiiillllPKfSH_' for 'sm_107a'
ptxas info    : Function properties for _ZN4vllm20minimax_m3_fused_ops37fusedMiniMaxM3QNormRopeKVInsertKernelIN3c104HalfEtLNS_18Fp8KVCacheDataTypeE0ELb0ES3_Lb1ELb0ELb1ELb0EEEvPT_S6_PhPT3_PKS5_SB_SB_SB_SB_PKlSD_SD_PT0_S9_ffiiiiiillllPKfSH_
    0 bytes stack frame, 0 bytes spill stores, 0 bytes spill loads
ptxas info    : Used 34 registers, used 0 barriers
ptxas info    : Compile time = 6.341 ms
ptxas info    : Compiling entry function '_ZN4vllm20minimax_m3_fused_ops37fusedMiniMaxM3QNormRopeKVInsertKernelIN3c104HalfEtLNS_18Fp8KVCacheDataTypeE0ELb0EhLb1ELb0ELb1ELb1EEEvPT_S6_PhPT3_PKS5_SB_SB_SB_SB_PKlSD_SD_PT0_S9_ffiiiiiillllPKfSH_' for 'sm_107a'
ptxas info    : Function properties for _ZN4vllm20minimax_m3_fused_ops37fusedMiniMaxM3QNormRopeKVInsertKernelIN3c104HalfEtLNS_18Fp8KVCacheDataTypeE0ELb0EhLb1ELb0ELb1ELb1EEEvPT_S6_PhPT3_PKS5_SB_SB_SB_SB_PKlSD_SD_PT0_S9_ffiiiiiillllPKfSH_
    0 bytes stack frame, 0 bytes spill stores, 0 bytes spill loads
ptxas info    : Used 35 registers, used 0 barriers
ptxas info    : Compile time = 6.505 ms
ptxas info    : Compiling entry function '_ZN4vllm20minimax_m3_fused_ops37fusedMiniMaxM3QNormRopeKVInsertKernelIN3c104HalfEtLNS_18Fp8KVCacheDataTypeE0ELb0ES3_Lb1ELb1ELb1ELb0EEEvPT_S6_PhPT3_PKS5_SB_SB_SB_SB_PKlSD_SD_PT0_S9_ffiiiiiillllPKfSH_' for 'sm_107a'
ptxas info    : Function properties for _ZN4vllm20minimax_m3_fused_ops37fusedMiniMaxM3QNormRopeKVInsertKernelIN3c104HalfEtLNS_18Fp8KVCacheDataTypeE0ELb0ES3_Lb1ELb1ELb1ELb0EEEvPT_S6_PhPT3_PKS5_SB_SB_SB_SB_PKlSD_SD_PT0_S9_ffiiiiiillllPKfSH_
    0 bytes stack frame, 0 bytes spill stores, 0 bytes spill loads
ptxas info    : Used 34 registers, used 0 barriers
ptxas info    : Compile time = 11.321 ms
ptxas info    : Compiling entry function '_ZN4vllm20minimax_m3_fused_ops37fusedMiniMaxM3QNormRopeKVInsertKernelIN3c104HalfEtLNS_18Fp8KVCacheDataTypeE0ELb0EhLb1ELb1ELb1ELb1EEEvPT_S6_PhPT3_PKS5_SB_SB_SB_SB_PKlSD_SD_PT0_S9_ffiiiiiillllPKfSH_' for 'sm_107a'
ptxas info    : Function properties for _ZN4vllm20minimax_m3_fused_ops37fusedMiniMaxM3QNormRopeKVInsertKernelIN3c104HalfEtLNS_18Fp8KVCacheDataTypeE0ELb0EhLb1ELb1ELb1ELb1EEEvPT_S6_PhPT3_PKS5_SB_SB_SB_SB_PKlSD_SD_PT0_S9_ffiiiiiillllPKfSH_
    0 bytes stack frame, 0 bytes spill stores, 0 bytes spill loads
ptxas info    : Used 38 registers, used 0 barriers
ptxas info    : Compile time = 11.956 ms
ptxas info    : Compiling entry function '_ZN4vllm20minimax_m3_fused_ops37fusedMiniMaxM3QNormRopeKVInsertKernelIN3c104HalfEtLNS_18Fp8KVCacheDataTypeE0ELb0ES3_Lb1ELb0ELb0ELb0EEEvPT_S6_PhPT3_PKS5_SB_SB_SB_SB_PKlSD_SD_PT0_S9_ffiiiiiillllPKfSH_' for 'sm_107a'
ptxas info    : Function properties for _ZN4vllm20minimax_m3_fused_ops37fusedMiniMaxM3QNormRopeKVInsertKernelIN3c104HalfEtLNS_18Fp8KVCacheDataTypeE0ELb0ES3_Lb1ELb0ELb0ELb0EEEvPT_S6_PhPT3_PKS5_SB_SB_SB_SB_PKlSD_SD_PT0_S9_ffiiiiiillllPKfSH_
    0 bytes stack frame, 0 bytes spill stores, 0 bytes spill loads
ptxas info    : Used 36 registers, used 0 barriers
ptxas info    : Compile time = 5.758 ms
ptxas info    : Compiling entry function '_ZN4vllm20minimax_m3_fused_ops37fusedMiniMaxM3QNormRopeKVInsertKernelIN3c104HalfEtLNS_18Fp8KVCacheDataTypeE0ELb0ES3_Lb1ELb1ELb0ELb0EEEvPT_S6_PhPT3_PKS5_SB_SB_SB_SB_PKlSD_SD_PT0_S9_ffiiiiiillllPKfSH_' for 'sm_107a'
ptxas info    : Function properties for _ZN4vllm20minimax_m3_fused_ops37fusedMiniMaxM3QNormRopeKVInsertKernelIN3c104HalfEtLNS_18Fp8KVCacheDataTypeE0ELb0ES3_Lb1ELb1ELb0ELb0EEEvPT_S6_PhPT3_PKS5_SB_SB_SB_SB_PKlSD_SD_PT0_S9_ffiiiiiillllPKfSH_
    0 bytes stack frame, 0 bytes spill stores, 0 bytes spill loads
ptxas info    : Used 34 registers, used 0 barriers
ptxas info    : Compile time = 10.979 ms
ptxas info    : Compiling entry function '_ZN4vllm20minimax_m3_fused_ops37fusedMiniMaxM3QNormRopeKVInsertKernelIN3c104HalfEfLNS_18Fp8KVCacheDataTypeE0ELb0ES3_Lb0ELb0ELb0ELb0EEEvPT_S6_PhPT3_PKS5_SB_SB_SB_SB_PKlSD_SD_PT0_S9_ffiiiiiillllPKfSH_' for 'sm_107a'
ptxas info    : Function properties for _ZN4vllm20minimax_m3_fused_ops37fusedMiniMaxM3QNormRopeKVInsertKernelIN3c104HalfEfLNS_18Fp8KVCacheDataTypeE0ELb0ES3_Lb0ELb0ELb0ELb0EEEvPT_S6_PhPT3_PKS5_SB_SB_SB_SB_PKlSD_SD_PT0_S9_ffiiiiiillllPKfSH_
    0 bytes stack frame, 0 bytes spill stores, 0 bytes spill loads
ptxas info    : Used 36 registers, used 0 barriers
ptxas info    : Compile time = 5.719 ms
ptxas info    : Compiling entry function '_ZN4vllm20minimax_m3_fused_ops37fusedMiniMaxM3QNormRopeKVInsertKernelIN3c104HalfEfLNS_18Fp8KVCacheDataTypeE0ELb0ES3_Lb1ELb0ELb1ELb0EEEvPT_S6_PhPT3_PKS5_SB_SB_SB_SB_PKlSD_SD_PT0_S9_ffiiiiiillllPKfSH_' for 'sm_107a'
ptxas info    : Function properties for _ZN4vllm20minimax_m3_fused_ops37fusedMiniMaxM3QNormRopeKVInsertKernelIN3c104HalfEfLNS_18Fp8KVCacheDataTypeE0ELb0ES3_Lb1ELb0ELb1ELb0EEEvPT_S6_PhPT3_PKS5_SB_SB_SB_SB_PKlSD_SD_PT0_S9_ffiiiiiillllPKfSH_
    0 bytes stack frame, 0 bytes spill stores, 0 bytes spill loads
ptxas info    : Used 34 registers, used 0 barriers
ptxas info    : Compile time = 6.319 ms
ptxas info    : Compiling entry function '_ZN4vllm20minimax_m3_fused_ops37fusedMiniMaxM3QNormRopeKVInsertKernelIN3c104HalfEfLNS_18Fp8KVCacheDataTypeE0ELb0EhLb1ELb0ELb1ELb1EEEvPT_S6_PhPT3_PKS5_SB_SB_SB_SB_PKlSD_SD_PT0_S9_ffiiiiiillllPKfSH_' for 'sm_107a'
ptxas info    : Function properties for _ZN4vllm20minimax_m3_fused_ops37fusedMiniMaxM3QNormRopeKVInsertKernelIN3c104HalfEfLNS_18Fp8KVCacheDataTypeE0ELb0EhLb1ELb0ELb1ELb1EEEvPT_S6_PhPT3_PKS5_SB_SB_SB_SB_PKlSD_SD_PT0_S9_ffiiiiiillllPKfSH_
    0 bytes stack frame, 0 bytes spill stores, 0 bytes spill loads
ptxas info    : Used 35 registers, used 0 barriers
ptxas info    : Compile time = 6.476 ms
ptxas info    : Compiling entry function '_ZN4vllm20minimax_m3_fused_ops37fusedMiniMaxM3QNormRopeKVInsertKernelIN3c104HalfEfLNS_18Fp8KVCacheDataTypeE0ELb0ES3_Lb1ELb1ELb1ELb0EEEvPT_S6_PhPT3_PKS5_SB_SB_SB_SB_PKlSD_SD_PT0_S9_ffiiiiiillllPKfSH_' for 'sm_107a'
ptxas info    : Function properties for _ZN4vllm20minimax_m3_fused_ops37fusedMiniMaxM3QNormRopeKVInsertKernelIN3c104HalfEfLNS_18Fp8KVCacheDataTypeE0ELb0ES3_Lb1ELb1ELb1ELb0EEEvPT_S6_PhPT3_PKS5_SB_SB_SB_SB_PKlSD_SD_PT0_S9_ffiiiiiillllPKfSH_
    0 bytes stack frame, 0 bytes spill stores, 0 bytes spill loads
ptxas info    : Used 34 registers, used 0 barriers
ptxas info    : Compile time = 11.427 ms
ptxas info    : Compiling entry function '_ZN4vllm20minimax_m3_fused_ops37fusedMiniMaxM3QNormRopeKVInsertKernelIN3c104HalfEfLNS_18Fp8KVCacheDataTypeE0ELb0EhLb1ELb1ELb1ELb1EEEvPT_S6_PhPT3_PKS5_SB_SB_SB_SB_PKlSD_SD_PT0_S9_ffiiiiiillllPKfSH_' for 'sm_107a'
ptxas info    : Function properties for _ZN4vllm20minimax_m3_fused_ops37fusedMiniMaxM3QNormRopeKVInsertKernelIN3c104HalfEfLNS_18Fp8KVCacheDataTypeE0ELb0EhLb1ELb1ELb1ELb1EEEvPT_S6_PhPT3_PKS5_SB_SB_SB_SB_PKlSD_SD_PT0_S9_ffiiiiiillllPKfSH_
    0 bytes stack frame, 0 bytes spill stores, 0 bytes spill loads
ptxas info    : Used 38 registers, used 0 barriers
ptxas info    : Compile time = 11.918 ms
ptxas info    : Compiling entry function '_ZN4vllm20minimax_m3_fused_ops37fusedMiniMaxM3QNormRopeKVInsertKernelIN3c104HalfEfLNS_18Fp8KVCacheDataTypeE0ELb0ES3_Lb1ELb0ELb0ELb0EEEvPT_S6_PhPT3_PKS5_SB_SB_SB_SB_PKlSD_SD_PT0_S9_ffiiiiiillllPKfSH_' for 'sm_107a'
ptxas info    : Function properties for _ZN4vllm20minimax_m3_fused_ops37fusedMiniMaxM3QNormRopeKVInsertKernelIN3c104HalfEfLNS_18Fp8KVCacheDataTypeE0ELb0ES3_Lb1ELb0ELb0ELb0EEEvPT_S6_PhPT3_PKS5_SB_SB_SB_SB_PKlSD_SD_PT0_S9_ffiiiiiillllPKfSH_
    0 bytes stack frame, 0 bytes spill stores, 0 bytes spill loads
ptxas info    : Used 36 registers, used 0 barriers
ptxas info    : Compile time = 5.783 ms
ptxas info    : Compiling entry function '_ZN4vllm20minimax_m3_fused_ops37fusedMiniMaxM3QNormRopeKVInsertKernelIN3c104HalfEfLNS_18Fp8KVCacheDataTypeE0ELb0ES3_Lb1ELb1ELb0ELb0EEEvPT_S6_PhPT3_PKS5_SB_SB_SB_SB_PKlSD_SD_PT0_S9_ffiiiiiillllPKfSH_' for 'sm_107a'
ptxas info    : Function properties for _ZN4vllm20minimax_m3_fused_ops37fusedMiniMaxM3QNormRopeKVInsertKernelIN3c104HalfEfLNS_18Fp8KVCacheDataTypeE0ELb0ES3_Lb1ELb1ELb0ELb0EEEvPT_S6_PhPT3_PKS5_SB_SB_SB_SB_PKlSD_SD_PT0_S9_ffiiiiiillllPKfSH_
    0 bytes stack frame, 0 bytes spill stores, 0 bytes spill loads
ptxas info    : Used 34 registers, used 0 barriers
ptxas info    : Compile time = 10.666 ms
ptxas info    : Compiling entry function '_ZN4vllm20minimax_m3_fused_ops37fusedMiniMaxM3QNormRopeKVInsertKernelIN3c108BFloat16EhLNS_18Fp8KVCacheDataTypeE0ELb1ES3_Lb1ELb1ELb1ELb0EEEvPT_S6_PhPT3_PKS5_SB_SB_SB_SB_PKlSD_SD_PT0_S9_ffiiiiiillllPKfSH_' for 'sm_107a'
ptxas info    : Function properties for _ZN4vllm20minimax_m3_fused_ops37fusedMiniMaxM3QNormRopeKVInsertKernelIN3c108BFloat16EhLNS_18Fp8KVCacheDataTypeE0ELb1ES3_Lb1ELb1ELb1ELb0EEEvPT_S6_PhPT3_PKS5_SB_SB_SB_SB_PKlSD_SD_PT0_S9_ffiiiiiillllPKfSH_
    0 bytes stack frame, 0 bytes spill stores, 0 bytes spill loads
ptxas info    : Used 36 registers, used 0 barriers
ptxas info    : Compile time = 15.333 ms
ptxas info    : Compiling entry function '_ZN4vllm20minimax_m3_fused_ops37fusedMiniMaxM3QNormRopeKVInsertKernelIN3c108BFloat16EhLNS_18Fp8KVCacheDataTypeE0ELb1EhLb1ELb1ELb1ELb1EEEvPT_S6_PhPT3_PKS5_SB_SB_SB_SB_PKlSD_SD_PT0_S9_ffiiiiiillllPKfSH_' for 'sm_107a'
ptxas info    : Function properties for _ZN4vllm20minimax_m3_fused_ops37fusedMiniMaxM3QNormRopeKVInsertKernelIN3c108BFloat16EhLNS_18Fp8KVCacheDataTypeE0ELb1EhLb1ELb1ELb1ELb1EEEvPT_S6_PhPT3_PKS5_SB_SB_SB_SB_PKlSD_SD_PT0_S9_ffiiiiiillllPKfSH_
    0 bytes stack frame, 0 bytes spill stores, 0 bytes spill loads
ptxas info    : Used 35 registers, used 0 barriers
ptxas info    : Compile time = 15.673 ms
ptxas info    : Compiling entry function '_ZN4vllm20minimax_m3_fused_ops37fusedMiniMaxM3QNormRopeKVInsertKernelIN3c108BFloat16EhLNS_18Fp8KVCacheDataTypeE0ELb1ES3_Lb1ELb1ELb0ELb0EEEvPT_S6_PhPT3_PKS5_SB_SB_SB_SB_PKlSD_SD_PT0_S9_ffiiiiiillllPKfSH_' for 'sm_107a'
ptxas info    : Function properties for _ZN4vllm20minimax_m3_fused_ops37fusedMiniMaxM3QNormRopeKVInsertKernelIN3c108BFloat16EhLNS_18Fp8KVCacheDataTypeE0ELb1ES3_Lb1ELb1ELb0ELb0EEEvPT_S6_PhPT3_PKS5_SB_SB_SB_SB_PKlSD_SD_PT0_S9_ffiiiiiillllPKfSH_
    0 bytes stack frame, 0 bytes spill stores, 0 bytes spill loads
ptxas info    : Used 34 registers, used 0 barriers
ptxas info    : Compile time = 13.946 ms
ptxas info    : Compiling entry function '_ZN4vllm20minimax_m3_fused_ops37fusedMiniMaxM3QNormRopeKVInsertKernelIN3c104HalfEhLNS_18Fp8KVCacheDataTypeE0ELb1ES3_Lb1ELb1ELb1ELb0EEEvPT_S6_PhPT3_PKS5_SB_SB_SB_SB_PKlSD_SD_PT0_S9_ffiiiiiillllPKfSH_' for 'sm_107a'
ptxas info    : Function properties for _ZN4vllm20minimax_m3_fused_ops37fusedMiniMaxM3QNormRopeKVInsertKernelIN3c104HalfEhLNS_18Fp8KVCacheDataTypeE0ELb1ES3_Lb1ELb1ELb1ELb0EEEvPT_S6_PhPT3_PKS5_SB_SB_SB_SB_PKlSD_SD_PT0_S9_ffiiiiiillllPKfSH_
    0 bytes stack frame, 0 bytes spill stores, 0 bytes spill loads
ptxas info    : Used 36 registers, used 0 barriers
ptxas info    : Compile time = 15.098 ms
ptxas info    : Compiling entry function '_ZN4vllm20minimax_m3_fused_ops37fusedMiniMaxM3QNormRopeKVInsertKernelIN3c104HalfEhLNS_18Fp8KVCacheDataTypeE0ELb1EhLb1ELb1ELb1ELb1EEEvPT_S6_PhPT3_PKS5_SB_SB_SB_SB_PKlSD_SD_PT0_S9_ffiiiiiillllPKfSH_' for 'sm_107a'
ptxas info    : Function properties for _ZN4vllm20minimax_m3_fused_ops37fusedMiniMaxM3QNormRopeKVInsertKernelIN3c104HalfEhLNS_18Fp8KVCacheDataTypeE0ELb1EhLb1ELb1ELb1ELb1EEEvPT_S6_PhPT3_PKS5_SB_SB_SB_SB_PKlSD_SD_PT0_S9_ffiiiiiillllPKfSH_
    0 bytes stack frame, 0 bytes spill stores, 0 bytes spill loads
ptxas info    : Used 35 registers, used 0 barriers
ptxas info    : Compile time = 15.398 ms
ptxas info    : Compiling entry function '_ZN4vllm20minimax_m3_fused_ops37fusedMiniMaxM3QNormRopeKVInsertKernelIN3c104HalfEhLNS_18Fp8KVCacheDataTypeE0ELb1ES3_Lb1ELb1ELb0ELb0EEEvPT_S6_PhPT3_PKS5_SB_SB_SB_SB_PKlSD_SD_PT0_S9_ffiiiiiillllPKfSH_' for 'sm_107a'
ptxas info    : Function properties for _ZN4vllm20minimax_m3_fused_ops37fusedMiniMaxM3QNormRopeKVInsertKernelIN3c104HalfEhLNS_18Fp8KVCacheDataTypeE0ELb1ES3_Lb1ELb1ELb0ELb0EEEvPT_S6_PhPT3_PKS5_SB_SB_SB_SB_PKlSD_SD_PT0_S9_ffiiiiiillllPKfSH_
    0 bytes stack frame, 0 bytes spill stores, 0 bytes spill loads
ptxas info    : Used 34 registers, used 0 barriers
ptxas info    : Compile time = 14.032 ms
