ptxas info    : 40 bytes gmem
ptxas info    : Compiling entry function '_ZN4vllm20minimax_m3_fused_ops37fusedMiniMaxM3QNormRopeKVInsertKernelIN3c108BFloat16EhLNS_18Fp8KVCacheDataTypeE2ELb0ES3_Lb0ELb0ELb0ELb0EEEvPT_S6_PhPT3_PKS5_SB_SB_SB_SB_PKlSD_SD_PT0_S9_ffiiiiiillllPKfSH_' for 'sm_107f'
ptxas info    : Function properties for _ZN4vllm20minimax_m3_fused_ops37fusedMiniMaxM3QNormRopeKVInsertKernelIN3c108BFloat16EhLNS_18Fp8KVCacheDataTypeE2ELb0ES3_Lb0ELb0ELb0ELb0EEEvPT_S6_PhPT3_PKS5_SB_SB_SB_SB_PKlSD_SD_PT0_S9_ffiiiiiillllPKfSH_
    0 bytes stack frame, 0 bytes spill stores, 0 bytes spill loads
ptxas info    : Used 36 registers, used 0 barriers
ptxas info    : Compile time = 6.898 ms
ptxas info    : Compiling entry function '_ZN4vllm20minimax_m3_fused_ops37fusedMiniMaxM3QNormRopeKVInsertKernelIN3c108BFloat16EhLNS_18Fp8KVCacheDataTypeE2ELb0ES3_Lb1ELb0ELb1ELb0EEEvPT_S6_PhPT3_PKS5_SB_SB_SB_SB_PKlSD_SD_PT0_S9_ffiiiiiillllPKfSH_' for 'sm_107f'
ptxas info    : Function properties for _ZN4vllm20minimax_m3_fused_ops37fusedMiniMaxM3QNormRopeKVInsertKernelIN3c108BFloat16EhLNS_18Fp8KVCacheDataTypeE2ELb0ES3_Lb1ELb0ELb1ELb0EEEvPT_S6_PhPT3_PKS5_SB_SB_SB_SB_PKlSD_SD_PT0_S9_ffiiiiiillllPKfSH_
    0 bytes stack frame, 0 bytes spill stores, 0 bytes spill loads
ptxas info    : Used 34 registers, used 0 barriers
ptxas info    : Compile time = 6.773 ms
ptxas info    : Compiling entry function '_ZN4vllm20minimax_m3_fused_ops37fusedMiniMaxM3QNormRopeKVInsertKernelIN3c108BFloat16EhLNS_18Fp8KVCacheDataTypeE2ELb0EhLb1ELb0ELb1ELb1EEEvPT_S6_PhPT3_PKS5_SB_SB_SB_SB_PKlSD_SD_PT0_S9_ffiiiiiillllPKfSH_' for 'sm_107f'
ptxas info    : Function properties for _ZN4vllm20minimax_m3_fused_ops37fusedMiniMaxM3QNormRopeKVInsertKernelIN3c108BFloat16EhLNS_18Fp8KVCacheDataTypeE2ELb0EhLb1ELb0ELb1ELb1EEEvPT_S6_PhPT3_PKS5_SB_SB_SB_SB_PKlSD_SD_PT0_S9_ffiiiiiillllPKfSH_
    0 bytes stack frame, 0 bytes spill stores, 0 bytes spill loads
ptxas info    : Used 35 registers, used 0 barriers
ptxas info    : Compile time = 6.445 ms
ptxas info    : Compiling entry function '_ZN4vllm20minimax_m3_fused_ops37fusedMiniMaxM3QNormRopeKVInsertKernelIN3c108BFloat16EhLNS_18Fp8KVCacheDataTypeE2ELb0ES3_Lb1ELb1ELb1ELb0EEEvPT_S6_PhPT3_PKS5_SB_SB_SB_SB_PKlSD_SD_PT0_S9_ffiiiiiillllPKfSH_' for 'sm_107f'
ptxas info    : Function properties for _ZN4vllm20minimax_m3_fused_ops37fusedMiniMaxM3QNormRopeKVInsertKernelIN3c108BFloat16EhLNS_18Fp8KVCacheDataTypeE2ELb0ES3_Lb1ELb1ELb1ELb0EEEvPT_S6_PhPT3_PKS5_SB_SB_SB_SB_PKlSD_SD_PT0_S9_ffiiiiiillllPKfSH_
    0 bytes stack frame, 0 bytes spill stores, 0 bytes spill loads
ptxas info    : Used 34 registers, used 0 barriers
ptxas info    : Compile time = 11.741 ms
ptxas info    : Compiling entry function '_ZN4vllm20minimax_m3_fused_ops37fusedMiniMaxM3QNormRopeKVInsertKernelIN3c108BFloat16EhLNS_18Fp8KVCacheDataTypeE2ELb0EhLb1ELb1ELb1ELb1EEEvPT_S6_PhPT3_PKS5_SB_SB_SB_SB_PKlSD_SD_PT0_S9_ffiiiiiillllPKfSH_' for 'sm_107f'
ptxas info    : Function properties for _ZN4vllm20minimax_m3_fused_ops37fusedMiniMaxM3QNormRopeKVInsertKernelIN3c108BFloat16EhLNS_18Fp8KVCacheDataTypeE2ELb0EhLb1ELb1ELb1ELb1EEEvPT_S6_PhPT3_PKS5_SB_SB_SB_SB_PKlSD_SD_PT0_S9_ffiiiiiillllPKfSH_
    0 bytes stack frame, 0 bytes spill stores, 0 bytes spill loads
ptxas info    : Used 38 registers, used 0 barriers
ptxas info    : Compile time = 12.106 ms
ptxas info    : Compiling entry function '_ZN4vllm20minimax_m3_fused_ops37fusedMiniMaxM3QNormRopeKVInsertKernelIN3c108BFloat16EhLNS_18Fp8KVCacheDataTypeE2ELb0ES3_Lb1ELb0ELb0ELb0EEEvPT_S6_PhPT3_PKS5_SB_SB_SB_SB_PKlSD_SD_PT0_S9_ffiiiiiillllPKfSH_' for 'sm_107f'
ptxas info    : Function properties for _ZN4vllm20minimax_m3_fused_ops37fusedMiniMaxM3QNormRopeKVInsertKernelIN3c108BFloat16EhLNS_18Fp8KVCacheDataTypeE2ELb0ES3_Lb1ELb0ELb0ELb0EEEvPT_S6_PhPT3_PKS5_SB_SB_SB_SB_PKlSD_SD_PT0_S9_ffiiiiiillllPKfSH_
    0 bytes stack frame, 0 bytes spill stores, 0 bytes spill loads
ptxas info    : Used 36 registers, used 0 barriers
ptxas info    : Compile time = 5.745 ms
ptxas info    : Compiling entry function '_ZN4vllm20minimax_m3_fused_ops37fusedMiniMaxM3QNormRopeKVInsertKernelIN3c108BFloat16EhLNS_18Fp8KVCacheDataTypeE2ELb0ES3_Lb1ELb1ELb0ELb0EEEvPT_S6_PhPT3_PKS5_SB_SB_SB_SB_PKlSD_SD_PT0_S9_ffiiiiiillllPKfSH_' for 'sm_107f'
ptxas info    : Function properties for _ZN4vllm20minimax_m3_fused_ops37fusedMiniMaxM3QNormRopeKVInsertKernelIN3c108BFloat16EhLNS_18Fp8KVCacheDataTypeE2ELb0ES3_Lb1ELb1ELb0ELb0EEEvPT_S6_PhPT3_PKS5_SB_SB_SB_SB_PKlSD_SD_PT0_S9_ffiiiiiillllPKfSH_
    0 bytes stack frame, 0 bytes spill stores, 0 bytes spill loads
ptxas info    : Used 34 registers, used 0 barriers
ptxas info    : Compile time = 10.738 ms
ptxas info    : Compiling entry function '_ZN4vllm20minimax_m3_fused_ops37fusedMiniMaxM3QNormRopeKVInsertKernelIN3c108BFloat16EhLNS_18Fp8KVCacheDataTypeE1ELb0ES3_Lb0ELb0ELb0ELb0EEEvPT_S6_PhPT3_PKS5_SB_SB_SB_SB_PKlSD_SD_PT0_S9_ffiiiiiillllPKfSH_' for 'sm_107f'
ptxas info    : Function properties for _ZN4vllm20minimax_m3_fused_ops37fusedMiniMaxM3QNormRopeKVInsertKernelIN3c108BFloat16EhLNS_18Fp8KVCacheDataTypeE1ELb0ES3_Lb0ELb0ELb0ELb0EEEvPT_S6_PhPT3_PKS5_SB_SB_SB_SB_PKlSD_SD_PT0_S9_ffiiiiiillllPKfSH_
    0 bytes stack frame, 0 bytes spill stores, 0 bytes spill loads
ptxas info    : Used 36 registers, used 0 barriers
ptxas info    : Compile time = 5.696 ms
ptxas info    : Compiling entry function '_ZN4vllm20minimax_m3_fused_ops37fusedMiniMaxM3QNormRopeKVInsertKernelIN3c108BFloat16EhLNS_18Fp8KVCacheDataTypeE1ELb0ES3_Lb1ELb0ELb1ELb0EEEvPT_S6_PhPT3_PKS5_SB_SB_SB_SB_PKlSD_SD_PT0_S9_ffiiiiiillllPKfSH_' for 'sm_107f'
ptxas info    : Function properties for _ZN4vllm20minimax_m3_fused_ops37fusedMiniMaxM3QNormRopeKVInsertKernelIN3c108BFloat16EhLNS_18Fp8KVCacheDataTypeE1ELb0ES3_Lb1ELb0ELb1ELb0EEEvPT_S6_PhPT3_PKS5_SB_SB_SB_SB_PKlSD_SD_PT0_S9_ffiiiiiillllPKfSH_
    0 bytes stack frame, 0 bytes spill stores, 0 bytes spill loads
ptxas info    : Used 34 registers, used 0 barriers
ptxas info    : Compile time = 6.293 ms
ptxas info    : Compiling entry function '_ZN4vllm20minimax_m3_fused_ops37fusedMiniMaxM3QNormRopeKVInsertKernelIN3c108BFloat16EhLNS_18Fp8KVCacheDataTypeE1ELb0EhLb1ELb0ELb1ELb1EEEvPT_S6_PhPT3_PKS5_SB_SB_SB_SB_PKlSD_SD_PT0_S9_ffiiiiiillllPKfSH_' for 'sm_107f'
ptxas info    : Function properties for _ZN4vllm20minimax_m3_fused_ops37fusedMiniMaxM3QNormRopeKVInsertKernelIN3c108BFloat16EhLNS_18Fp8KVCacheDataTypeE1ELb0EhLb1ELb0ELb1ELb1EEEvPT_S6_PhPT3_PKS5_SB_SB_SB_SB_PKlSD_SD_PT0_S9_ffiiiiiillllPKfSH_
    0 bytes stack frame, 0 bytes spill stores, 0 bytes spill loads
ptxas info    : Used 35 registers, used 0 barriers
ptxas info    : Compile time = 6.462 ms
ptxas info    : Compiling entry function '_ZN4vllm20minimax_m3_fused_ops37fusedMiniMaxM3QNormRopeKVInsertKernelIN3c108BFloat16EhLNS_18Fp8KVCacheDataTypeE1ELb0ES3_Lb1ELb1ELb1ELb0EEEvPT_S6_PhPT3_PKS5_SB_SB_SB_SB_PKlSD_SD_PT0_S9_ffiiiiiillllPKfSH_' for 'sm_107f'
ptxas info    : Function properties for _ZN4vllm20minimax_m3_fused_ops37fusedMiniMaxM3QNormRopeKVInsertKernelIN3c108BFloat16EhLNS_18Fp8KVCacheDataTypeE1ELb0ES3_Lb1ELb1ELb1ELb0EEEvPT_S6_PhPT3_PKS5_SB_SB_SB_SB_PKlSD_SD_PT0_S9_ffiiiiiillllPKfSH_
    0 bytes stack frame, 0 bytes spill stores, 0 bytes spill loads
ptxas info    : Used 34 registers, used 0 barriers
ptxas info    : Compile time = 11.374 ms
ptxas info    : Compiling entry function '_ZN4vllm20minimax_m3_fused_ops37fusedMiniMaxM3QNormRopeKVInsertKernelIN3c108BFloat16EhLNS_18Fp8KVCacheDataTypeE1ELb0EhLb1ELb1ELb1ELb1EEEvPT_S6_PhPT3_PKS5_SB_SB_SB_SB_PKlSD_SD_PT0_S9_ffiiiiiillllPKfSH_' for 'sm_107f'
ptxas info    : Function properties for _ZN4vllm20minimax_m3_fused_ops37fusedMiniMaxM3QNormRopeKVInsertKernelIN3c108BFloat16EhLNS_18Fp8KVCacheDataTypeE1ELb0EhLb1ELb1ELb1ELb1EEEvPT_S6_PhPT3_PKS5_SB_SB_SB_SB_PKlSD_SD_PT0_S9_ffiiiiiillllPKfSH_
    0 bytes stack frame, 0 bytes spill stores, 0 bytes spill loads
ptxas info    : Used 38 registers, used 0 barriers
ptxas info    : Compile time = 11.977 ms
ptxas info    : Compiling entry function '_ZN4vllm20minimax_m3_fused_ops37fusedMiniMaxM3QNormRopeKVInsertKernelIN3c108BFloat16EhLNS_18Fp8KVCacheDataTypeE1ELb0ES3_Lb1ELb0ELb0ELb0EEEvPT_S6_PhPT3_PKS5_SB_SB_SB_SB_PKlSD_SD_PT0_S9_ffiiiiiillllPKfSH_' for 'sm_107f'
ptxas info    : Function properties for _ZN4vllm20minimax_m3_fused_ops37fusedMiniMaxM3QNormRopeKVInsertKernelIN3c108BFloat16EhLNS_18Fp8KVCacheDataTypeE1ELb0ES3_Lb1ELb0ELb0ELb0EEEvPT_S6_PhPT3_PKS5_SB_SB_SB_SB_PKlSD_SD_PT0_S9_ffiiiiiillllPKfSH_
    0 bytes stack frame, 0 bytes spill stores, 0 bytes spill loads
ptxas info    : Used 36 registers, used 0 barriers
ptxas info    : Compile time = 5.735 ms
ptxas info    : Compiling entry function '_ZN4vllm20minimax_m3_fused_ops37fusedMiniMaxM3QNormRopeKVInsertKernelIN3c108BFloat16EhLNS_18Fp8KVCacheDataTypeE1ELb0ES3_Lb1ELb1ELb0ELb0EEEvPT_S6_PhPT3_PKS5_SB_SB_SB_SB_PKlSD_SD_PT0_S9_ffiiiiiillllPKfSH_' for 'sm_107f'
ptxas info    : Function properties for _ZN4vllm20minimax_m3_fused_ops37fusedMiniMaxM3QNormRopeKVInsertKernelIN3c108BFloat16EhLNS_18Fp8KVCacheDataTypeE1ELb0ES3_Lb1ELb1ELb0ELb0EEEvPT_S6_PhPT3_PKS5_SB_SB_SB_SB_PKlSD_SD_PT0_S9_ffiiiiiillllPKfSH_
    0 bytes stack frame, 0 bytes spill stores, 0 bytes spill loads
ptxas info    : Used 34 registers, used 0 barriers
ptxas info    : Compile time = 10.726 ms
ptxas info    : Compiling entry function '_ZN4vllm20minimax_m3_fused_ops37fusedMiniMaxM3QNormRopeKVInsertKernelIN3c108BFloat16E13__nv_bfloat16LNS_18Fp8KVCacheDataTypeE0ELb0ES3_Lb0ELb0ELb0ELb0EEEvPT_S7_PhPT3_PKS6_SC_SC_SC_SC_PKlSE_SE_PT0_SA_ffiiiiiillllPKfSI_' for 'sm_107f'
ptxas info    : Function properties for _ZN4vllm20minimax_m3_fused_ops37fusedMiniMaxM3QNormRopeKVInsertKernelIN3c108BFloat16E13__nv_bfloat16LNS_18Fp8KVCacheDataTypeE0ELb0ES3_Lb0ELb0ELb0ELb0EEEvPT_S7_PhPT3_PKS6_SC_SC_SC_SC_PKlSE_SE_PT0_SA_ffiiiiiillllPKfSI_
    0 bytes stack frame, 0 bytes spill stores, 0 bytes spill loads
ptxas info    : Used 36 registers, used 0 barriers
ptxas info    : Compile time = 5.716 ms
ptxas info    : Compiling entry function '_ZN4vllm20minimax_m3_fused_ops37fusedMiniMaxM3QNormRopeKVInsertKernelIN3c108BFloat16E13__nv_bfloat16LNS_18Fp8KVCacheDataTypeE0ELb0ES3_Lb1ELb0ELb1ELb0EEEvPT_S7_PhPT3_PKS6_SC_SC_SC_SC_PKlSE_SE_PT0_SA_ffiiiiiillllPKfSI_' for 'sm_107f'
ptxas info    : Function properties for _ZN4vllm20minimax_m3_fused_ops37fusedMiniMaxM3QNormRopeKVInsertKernelIN3c108BFloat16E13__nv_bfloat16LNS_18Fp8KVCacheDataTypeE0ELb0ES3_Lb1ELb0ELb1ELb0EEEvPT_S7_PhPT3_PKS6_SC_SC_SC_SC_PKlSE_SE_PT0_SA_ffiiiiiillllPKfSI_
    0 bytes stack frame, 0 bytes spill stores, 0 bytes spill loads
ptxas info    : Used 34 registers, used 0 barriers
ptxas info    : Compile time = 6.312 ms
ptxas info    : Compiling entry function '_ZN4vllm20minimax_m3_fused_ops37fusedMiniMaxM3QNormRopeKVInsertKernelIN3c108BFloat16E13__nv_bfloat16LNS_18Fp8KVCacheDataTypeE0ELb0EhLb1ELb0ELb1ELb1EEEvPT_S7_PhPT3_PKS6_SC_SC_SC_SC_PKlSE_SE_PT0_SA_ffiiiiiillllPKfSI_' for 'sm_107f'
ptxas info    : Function properties for _ZN4vllm20minimax_m3_fused_ops37fusedMiniMaxM3QNormRopeKVInsertKernelIN3c108BFloat16E13__nv_bfloat16LNS_18Fp8KVCacheDataTypeE0ELb0EhLb1ELb0ELb1ELb1EEEvPT_S7_PhPT3_PKS6_SC_SC_SC_SC_PKlSE_SE_PT0_SA_ffiiiiiillllPKfSI_
    0 bytes stack frame, 0 bytes spill stores, 0 bytes spill loads
ptxas info    : Used 35 registers, used 0 barriers
ptxas info    : Compile time = 6.474 ms
ptxas info    : Compiling entry function '_ZN4vllm20minimax_m3_fused_ops37fusedMiniMaxM3QNormRopeKVInsertKernelIN3c108BFloat16E13__nv_bfloat16LNS_18Fp8KVCacheDataTypeE0ELb0ES3_Lb1ELb1ELb1ELb0EEEvPT_S7_PhPT3_PKS6_SC_SC_SC_SC_PKlSE_SE_PT0_SA_ffiiiiiillllPKfSI_' for 'sm_107f'
ptxas info    : Function properties for _ZN4vllm20minimax_m3_fused_ops37fusedMiniMaxM3QNormRopeKVInsertKernelIN3c108BFloat16E13__nv_bfloat16LNS_18Fp8KVCacheDataTypeE0ELb0ES3_Lb1ELb1ELb1ELb0EEEvPT_S7_PhPT3_PKS6_SC_SC_SC_SC_PKlSE_SE_PT0_SA_ffiiiiiillllPKfSI_
    0 bytes stack frame, 0 bytes spill stores, 0 bytes spill loads
ptxas info    : Used 34 registers, used 0 barriers
ptxas info    : Compile time = 11.856 ms
ptxas info    : Compiling entry function '_ZN4vllm20minimax_m3_fused_ops37fusedMiniMaxM3QNormRopeKVInsertKernelIN3c108BFloat16E13__nv_bfloat16LNS_18Fp8KVCacheDataTypeE0ELb0EhLb1ELb1ELb1ELb1EEEvPT_S7_PhPT3_PKS6_SC_SC_SC_SC_PKlSE_SE_PT0_SA_ffiiiiiillllPKfSI_' for 'sm_107f'
ptxas info    : Function properties for _ZN4vllm20minimax_m3_fused_ops37fusedMiniMaxM3QNormRopeKVInsertKernelIN3c108BFloat16E13__nv_bfloat16LNS_18Fp8KVCacheDataTypeE0ELb0EhLb1ELb1ELb1ELb1EEEvPT_S7_PhPT3_PKS6_SC_SC_SC_SC_PKlSE_SE_PT0_SA_ffiiiiiillllPKfSI_
    0 bytes stack frame, 0 bytes spill stores, 0 bytes spill loads
ptxas info    : Used 38 registers, used 0 barriers
ptxas info    : Compile time = 12.313 ms
ptxas info    : Compiling entry function '_ZN4vllm20minimax_m3_fused_ops37fusedMiniMaxM3QNormRopeKVInsertKernelIN3c108BFloat16E13__nv_bfloat16LNS_18Fp8KVCacheDataTypeE0ELb0ES3_Lb1ELb0ELb0ELb0EEEvPT_S7_PhPT3_PKS6_SC_SC_SC_SC_PKlSE_SE_PT0_SA_ffiiiiiillllPKfSI_' for 'sm_107f'
ptxas info    : Function properties for _ZN4vllm20minimax_m3_fused_ops37fusedMiniMaxM3QNormRopeKVInsertKernelIN3c108BFloat16E13__nv_bfloat16LNS_18Fp8KVCacheDataTypeE0ELb0ES3_Lb1ELb0ELb0ELb0EEEvPT_S7_PhPT3_PKS6_SC_SC_SC_SC_PKlSE_SE_PT0_SA_ffiiiiiillllPKfSI_
    0 bytes stack frame, 0 bytes spill stores, 0 bytes spill loads
ptxas info    : Used 36 registers, used 0 barriers
ptxas info    : Compile time = 5.733 ms
ptxas info    : Compiling entry function '_ZN4vllm20minimax_m3_fused_ops37fusedMiniMaxM3QNormRopeKVInsertKernelIN3c108BFloat16E13__nv_bfloat16LNS_18Fp8KVCacheDataTypeE0ELb0ES3_Lb1ELb1ELb0ELb0EEEvPT_S7_PhPT3_PKS6_SC_SC_SC_SC_PKlSE_SE_PT0_SA_ffiiiiiillllPKfSI_' for 'sm_107f'
ptxas info    : Function properties for _ZN4vllm20minimax_m3_fused_ops37fusedMiniMaxM3QNormRopeKVInsertKernelIN3c108BFloat16E13__nv_bfloat16LNS_18Fp8KVCacheDataTypeE0ELb0ES3_Lb1ELb1ELb0ELb0EEEvPT_S7_PhPT3_PKS6_SC_SC_SC_SC_PKlSE_SE_PT0_SA_ffiiiiiillllPKfSI_
    0 bytes stack frame, 0 bytes spill stores, 0 bytes spill loads
ptxas info    : Used 34 registers, used 0 barriers
ptxas info    : Compile time = 10.667 ms
ptxas info    : Compiling entry function '_ZN4vllm20minimax_m3_fused_ops37fusedMiniMaxM3QNormRopeKVInsertKernelIN3c108BFloat16EtLNS_18Fp8KVCacheDataTypeE0ELb0ES3_Lb0ELb0ELb0ELb0EEEvPT_S6_PhPT3_PKS5_SB_SB_SB_SB_PKlSD_SD_PT0_S9_ffiiiiiillllPKfSH_' for 'sm_107f'
ptxas info    : Function properties for _ZN4vllm20minimax_m3_fused_ops37fusedMiniMaxM3QNormRopeKVInsertKernelIN3c108BFloat16EtLNS_18Fp8KVCacheDataTypeE0ELb0ES3_Lb0ELb0ELb0ELb0EEEvPT_S6_PhPT3_PKS5_SB_SB_SB_SB_PKlSD_SD_PT0_S9_ffiiiiiillllPKfSH_
    0 bytes stack frame, 0 bytes spill stores, 0 bytes spill loads
ptxas info    : Used 36 registers, used 0 barriers
ptxas info    : Compile time = 5.693 ms
ptxas info    : Compiling entry function '_ZN4vllm20minimax_m3_fused_ops37fusedMiniMaxM3QNormRopeKVInsertKernelIN3c108BFloat16EtLNS_18Fp8KVCacheDataTypeE0ELb0ES3_Lb1ELb0ELb1ELb0EEEvPT_S6_PhPT3_PKS5_SB_SB_SB_SB_PKlSD_SD_PT0_S9_ffiiiiiillllPKfSH_' for 'sm_107f'
ptxas info    : Function properties for _ZN4vllm20minimax_m3_fused_ops37fusedMiniMaxM3QNormRopeKVInsertKernelIN3c108BFloat16EtLNS_18Fp8KVCacheDataTypeE0ELb0ES3_Lb1ELb0ELb1ELb0EEEvPT_S6_PhPT3_PKS5_SB_SB_SB_SB_PKlSD_SD_PT0_S9_ffiiiiiillllPKfSH_
    0 bytes stack frame, 0 bytes spill stores, 0 bytes spill loads
ptxas info    : Used 34 registers, used 0 barriers
ptxas info    : Compile time = 6.293 ms
ptxas info    : Compiling entry function '_ZN4vllm20minimax_m3_fused_ops37fusedMiniMaxM3QNormRopeKVInsertKernelIN3c108BFloat16EtLNS_18Fp8KVCacheDataTypeE0ELb0EhLb1ELb0ELb1ELb1EEEvPT_S6_PhPT3_PKS5_SB_SB_SB_SB_PKlSD_SD_PT0_S9_ffiiiiiillllPKfSH_' for 'sm_107f'
ptxas info    : Function properties for _ZN4vllm20minimax_m3_fused_ops37fusedMiniMaxM3QNormRopeKVInsertKernelIN3c108BFloat16EtLNS_18Fp8KVCacheDataTypeE0ELb0EhLb1ELb0ELb1ELb1EEEvPT_S6_PhPT3_PKS5_SB_SB_SB_SB_PKlSD_SD_PT0_S9_ffiiiiiillllPKfSH_
    0 bytes stack frame, 0 bytes spill stores, 0 bytes spill loads
ptxas info    : Used 35 registers, used 0 barriers
ptxas info    : Compile time = 6.478 ms
ptxas info    : Compiling entry function '_ZN4vllm20minimax_m3_fused_ops37fusedMiniMaxM3QNormRopeKVInsertKernelIN3c108BFloat16EtLNS_18Fp8KVCacheDataTypeE0ELb0ES3_Lb1ELb1ELb1ELb0EEEvPT_S6_PhPT3_PKS5_SB_SB_SB_SB_PKlSD_SD_PT0_S9_ffiiiiiillllPKfSH_' for 'sm_107f'
ptxas info    : Function properties for _ZN4vllm20minimax_m3_fused_ops37fusedMiniMaxM3QNormRopeKVInsertKernelIN3c108BFloat16EtLNS_18Fp8KVCacheDataTypeE0ELb0ES3_Lb1ELb1ELb1ELb0EEEvPT_S6_PhPT3_PKS5_SB_SB_SB_SB_PKlSD_SD_PT0_S9_ffiiiiiillllPKfSH_
    0 bytes stack frame, 0 bytes spill stores, 0 bytes spill loads
ptxas info    : Used 34 registers, used 0 barriers
ptxas info    : Compile time = 11.325 ms
ptxas info    : Compiling entry function '_ZN4vllm20minimax_m3_fused_ops37fusedMiniMaxM3QNormRopeKVInsertKernelIN3c108BFloat16EtLNS_18Fp8KVCacheDataTypeE0ELb0EhLb1ELb1ELb1ELb1EEEvPT_S6_PhPT3_PKS5_SB_SB_SB_SB_PKlSD_SD_PT0_S9_ffiiiiiillllPKfSH_' for 'sm_107f'
ptxas info    : Function properties for _ZN4vllm20minimax_m3_fused_ops37fusedMiniMaxM3QNormRopeKVInsertKernelIN3c108BFloat16EtLNS_18Fp8KVCacheDataTypeE0ELb0EhLb1ELb1ELb1ELb1EEEvPT_S6_PhPT3_PKS5_SB_SB_SB_SB_PKlSD_SD_PT0_S9_ffiiiiiillllPKfSH_
    0 bytes stack frame, 0 bytes spill stores, 0 bytes spill loads
ptxas info    : Used 38 registers, used 0 barriers
ptxas info    : Compile time = 11.893 ms
ptxas info    : Compiling entry function '_ZN4vllm20minimax_m3_fused_ops37fusedMiniMaxM3QNormRopeKVInsertKernelIN3c108BFloat16EtLNS_18Fp8KVCacheDataTypeE0ELb0ES3_Lb1ELb0ELb0ELb0EEEvPT_S6_PhPT3_PKS5_SB_SB_SB_SB_PKlSD_SD_PT0_S9_ffiiiiiillllPKfSH_' for 'sm_107f'
ptxas info    : Function properties for _ZN4vllm20minimax_m3_fused_ops37fusedMiniMaxM3QNormRopeKVInsertKernelIN3c108BFloat16EtLNS_18Fp8KVCacheDataTypeE0ELb0ES3_Lb1ELb0ELb0ELb0EEEvPT_S6_PhPT3_PKS5_SB_SB_SB_SB_PKlSD_SD_PT0_S9_ffiiiiiillllPKfSH_
    0 bytes stack frame, 0 bytes spill stores, 0 bytes spill loads
ptxas info    : Used 36 registers, used 0 barriers
ptxas info    : Compile time = 5.757 ms
ptxas info    : Compiling entry function '_ZN4vllm20minimax_m3_fused_ops37fusedMiniMaxM3QNormRopeKVInsertKernelIN3c108BFloat16EtLNS_18Fp8KVCacheDataTypeE0ELb0ES3_Lb1ELb1ELb0ELb0EEEvPT_S6_PhPT3_PKS5_SB_SB_SB_SB_PKlSD_SD_PT0_S9_ffiiiiiillllPKfSH_' for 'sm_107f'
ptxas info    : Function properties for _ZN4vllm20minimax_m3_fused_ops37fusedMiniMaxM3QNormRopeKVInsertKernelIN3c108BFloat16EtLNS_18Fp8KVCacheDataTypeE0ELb0ES3_Lb1ELb1ELb0ELb0EEEvPT_S6_PhPT3_PKS5_SB_SB_SB_SB_PKlSD_SD_PT0_S9_ffiiiiiillllPKfSH_
    0 bytes stack frame, 0 bytes spill stores, 0 bytes spill loads
ptxas info    : Used 34 registers, used 0 barriers
ptxas info    : Compile time = 10.658 ms
ptxas info    : Compiling entry function '_ZN4vllm20minimax_m3_fused_ops37fusedMiniMaxM3QNormRopeKVInsertKernelIN3c108BFloat16EfLNS_18Fp8KVCacheDataTypeE0ELb0ES3_Lb0ELb0ELb0ELb0EEEvPT_S6_PhPT3_PKS5_SB_SB_SB_SB_PKlSD_SD_PT0_S9_ffiiiiiillllPKfSH_' for 'sm_107f'
ptxas info    : Function properties for _ZN4vllm20minimax_m3_fused_ops37fusedMiniMaxM3QNormRopeKVInsertKernelIN3c108BFloat16EfLNS_18Fp8KVCacheDataTypeE0ELb0ES3_Lb0ELb0ELb0ELb0EEEvPT_S6_PhPT3_PKS5_SB_SB_SB_SB_PKlSD_SD_PT0_S9_ffiiiiiillllPKfSH_
    0 bytes stack frame, 0 bytes spill stores, 0 bytes spill loads
ptxas info    : Used 36 registers, used 0 barriers
ptxas info    : Compile time = 5.746 ms
ptxas info    : Compiling entry function '_ZN4vllm20minimax_m3_fused_ops37fusedMiniMaxM3QNormRopeKVInsertKernelIN3c108BFloat16EfLNS_18Fp8KVCacheDataTypeE0ELb0ES3_Lb1ELb0ELb1ELb0EEEvPT_S6_PhPT3_PKS5_SB_SB_SB_SB_PKlSD_SD_PT0_S9_ffiiiiiillllPKfSH_' for 'sm_107f'
ptxas info    : Function properties for _ZN4vllm20minimax_m3_fused_ops37fusedMiniMaxM3QNormRopeKVInsertKernelIN3c108BFloat16EfLNS_18Fp8KVCacheDataTypeE0ELb0ES3_Lb1ELb0ELb1ELb0EEEvPT_S6_PhPT3_PKS5_SB_SB_SB_SB_PKlSD_SD_PT0_S9_ffiiiiiillllPKfSH_
    0 bytes stack frame, 0 bytes spill stores, 0 bytes spill loads
ptxas info    : Used 34 registers, used 0 barriers
ptxas info    : Compile time = 6.366 ms
ptxas info    : Compiling entry function '_ZN4vllm20minimax_m3_fused_ops37fusedMiniMaxM3QNormRopeKVInsertKernelIN3c108BFloat16EfLNS_18Fp8KVCacheDataTypeE0ELb0EhLb1ELb0ELb1ELb1EEEvPT_S6_PhPT3_PKS5_SB_SB_SB_SB_PKlSD_SD_PT0_S9_ffiiiiiillllPKfSH_' for 'sm_107f'
ptxas info    : Function properties for _ZN4vllm20minimax_m3_fused_ops37fusedMiniMaxM3QNormRopeKVInsertKernelIN3c108BFloat16EfLNS_18Fp8KVCacheDataTypeE0ELb0EhLb1ELb0ELb1ELb1EEEvPT_S6_PhPT3_PKS5_SB_SB_SB_SB_PKlSD_SD_PT0_S9_ffiiiiiillllPKfSH_
    0 bytes stack frame, 0 bytes spill stores, 0 bytes spill loads
ptxas info    : Used 35 registers, used 0 barriers
ptxas info    : Compile time = 6.725 ms
ptxas info    : Compiling entry function '_ZN4vllm20minimax_m3_fused_ops37fusedMiniMaxM3QNormRopeKVInsertKernelIN3c108BFloat16EfLNS_18Fp8KVCacheDataTypeE0ELb0ES3_Lb1ELb1ELb1ELb0EEEvPT_S6_PhPT3_PKS5_SB_SB_SB_SB_PKlSD_SD_PT0_S9_ffiiiiiillllPKfSH_' for 'sm_107f'
ptxas info    : Function properties for _ZN4vllm20minimax_m3_fused_ops37fusedMiniMaxM3QNormRopeKVInsertKernelIN3c108BFloat16EfLNS_18Fp8KVCacheDataTypeE0ELb0ES3_Lb1ELb1ELb1ELb0EEEvPT_S6_PhPT3_PKS5_SB_SB_SB_SB_PKlSD_SD_PT0_S9_ffiiiiiillllPKfSH_
    0 bytes stack frame, 0 bytes spill stores, 0 bytes spill loads
ptxas info    : Used 34 registers, used 0 barriers
ptxas info    : Compile time = 11.810 ms
ptxas info    : Compiling entry function '_ZN4vllm20minimax_m3_fused_ops37fusedMiniMaxM3QNormRopeKVInsertKernelIN3c108BFloat16EfLNS_18Fp8KVCacheDataTypeE0ELb0EhLb1ELb1ELb1ELb1EEEvPT_S6_PhPT3_PKS5_SB_SB_SB_SB_PKlSD_SD_PT0_S9_ffiiiiiillllPKfSH_' for 'sm_107f'
ptxas info    : Function properties for _ZN4vllm20minimax_m3_fused_ops37fusedMiniMaxM3QNormRopeKVInsertKernelIN3c108BFloat16EfLNS_18Fp8KVCacheDataTypeE0ELb0EhLb1ELb1ELb1ELb1EEEvPT_S6_PhPT3_PKS5_SB_SB_SB_SB_PKlSD_SD_PT0_S9_ffiiiiiillllPKfSH_
    0 bytes stack frame, 0 bytes spill stores, 0 bytes spill loads
ptxas info    : Used 38 registers, used 0 barriers
ptxas info    : Compile time = 12.179 ms
ptxas info    : Compiling entry function '_ZN4vllm20minimax_m3_fused_ops37fusedMiniMaxM3QNormRopeKVInsertKernelIN3c108BFloat16EfLNS_18Fp8KVCacheDataTypeE0ELb0ES3_Lb1ELb0ELb0ELb0EEEvPT_S6_PhPT3_PKS5_SB_SB_SB_SB_PKlSD_SD_PT0_S9_ffiiiiiillllPKfSH_' for 'sm_107f'
ptxas info    : Function properties for _ZN4vllm20minimax_m3_fused_ops37fusedMiniMaxM3QNormRopeKVInsertKernelIN3c108BFloat16EfLNS_18Fp8KVCacheDataTypeE0ELb0ES3_Lb1ELb0ELb0ELb0EEEvPT_S6_PhPT3_PKS5_SB_SB_SB_SB_PKlSD_SD_PT0_S9_ffiiiiiillllPKfSH_
    0 bytes stack frame, 0 bytes spill stores, 0 bytes spill loads
ptxas info    : Used 36 registers, used 0 barriers
ptxas info    : Compile time = 5.758 ms
ptxas info    : Compiling entry function '_ZN4vllm20minimax_m3_fused_ops37fusedMiniMaxM3QNormRopeKVInsertKernelIN3c108BFloat16EfLNS_18Fp8KVCacheDataTypeE0ELb0ES3_Lb1ELb1ELb0ELb0EEEvPT_S6_PhPT3_PKS5_SB_SB_SB_SB_PKlSD_SD_PT0_S9_ffiiiiiillllPKfSH_' for 'sm_107f'
ptxas info    : Function properties for _ZN4vllm20minimax_m3_fused_ops37fusedMiniMaxM3QNormRopeKVInsertKernelIN3c108BFloat16EfLNS_18Fp8KVCacheDataTypeE0ELb0ES3_Lb1ELb1ELb0ELb0EEEvPT_S6_PhPT3_PKS5_SB_SB_SB_SB_PKlSD_SD_PT0_S9_ffiiiiiillllPKfSH_
    0 bytes stack frame, 0 bytes spill stores, 0 bytes spill loads
ptxas info    : Used 34 registers, used 0 barriers
ptxas info    : Compile time = 10.987 ms
ptxas info    : Compiling entry function '_ZN4vllm20minimax_m3_fused_ops37fusedMiniMaxM3QNormRopeKVInsertKernelIN3c104HalfEhLNS_18Fp8KVCacheDataTypeE2ELb0ES3_Lb0ELb0ELb0ELb0EEEvPT_S6_PhPT3_PKS5_SB_SB_SB_SB_PKlSD_SD_PT0_S9_ffiiiiiillllPKfSH_' for 'sm_107f'
ptxas info    : Function properties for _ZN4vllm20minimax_m3_fused_ops37fusedMiniMaxM3QNormRopeKVInsertKernelIN3c104HalfEhLNS_18Fp8KVCacheDataTypeE2ELb0ES3_Lb0ELb0ELb0ELb0EEEvPT_S6_PhPT3_PKS5_SB_SB_SB_SB_PKlSD_SD_PT0_S9_ffiiiiiillllPKfSH_
    0 bytes stack frame, 0 bytes spill stores, 0 bytes spill loads
ptxas info    : Used 36 registers, used 0 barriers
ptxas info    : Compile time = 5.714 ms
ptxas info    : Compiling entry function '_ZN4vllm20minimax_m3_fused_ops37fusedMiniMaxM3QNormRopeKVInsertKernelIN3c104HalfEhLNS_18Fp8KVCacheDataTypeE2ELb0ES3_Lb1ELb0ELb1ELb0EEEvPT_S6_PhPT3_PKS5_SB_SB_SB_SB_PKlSD_SD_PT0_S9_ffiiiiiillllPKfSH_' for 'sm_107f'
ptxas info    : Function properties for _ZN4vllm20minimax_m3_fused_ops37fusedMiniMaxM3QNormRopeKVInsertKernelIN3c104HalfEhLNS_18Fp8KVCacheDataTypeE2ELb0ES3_Lb1ELb0ELb1ELb0EEEvPT_S6_PhPT3_PKS5_SB_SB_SB_SB_PKlSD_SD_PT0_S9_ffiiiiiillllPKfSH_
    0 bytes stack frame, 0 bytes spill stores, 0 bytes spill loads
ptxas info    : Used 34 registers, used 0 barriers
ptxas info    : Compile time = 6.331 ms
ptxas info    : Compiling entry function '_ZN4vllm20minimax_m3_fused_ops37fusedMiniMaxM3QNormRopeKVInsertKernelIN3c104HalfEhLNS_18Fp8KVCacheDataTypeE2ELb0EhLb1ELb0ELb1ELb1EEEvPT_S6_PhPT3_PKS5_SB_SB_SB_SB_PKlSD_SD_PT0_S9_ffiiiiiillllPKfSH_' for 'sm_107f'
ptxas info    : Function properties for _ZN4vllm20minimax_m3_fused_ops37fusedMiniMaxM3QNormRopeKVInsertKernelIN3c104HalfEhLNS_18Fp8KVCacheDataTypeE2ELb0EhLb1ELb0ELb1ELb1EEEvPT_S6_PhPT3_PKS5_SB_SB_SB_SB_PKlSD_SD_PT0_S9_ffiiiiiillllPKfSH_
    0 bytes stack frame, 0 bytes spill stores, 0 bytes spill loads
ptxas info    : Used 35 registers, used 0 barriers
ptxas info    : Compile time = 6.502 ms
ptxas info    : Compiling entry function '_ZN4vllm20minimax_m3_fused_ops37fusedMiniMaxM3QNormRopeKVInsertKernelIN3c104HalfEhLNS_18Fp8KVCacheDataTypeE2ELb0ES3_Lb1ELb1ELb1ELb0EEEvPT_S6_PhPT3_PKS5_SB_SB_SB_SB_PKlSD_SD_PT0_S9_ffiiiiiillllPKfSH_' for 'sm_107f'
ptxas info    : Function properties for _ZN4vllm20minimax_m3_fused_ops37fusedMiniMaxM3QNormRopeKVInsertKernelIN3c104HalfEhLNS_18Fp8KVCacheDataTypeE2ELb0ES3_Lb1ELb1ELb1ELb0EEEvPT_S6_PhPT3_PKS5_SB_SB_SB_SB_PKlSD_SD_PT0_S9_ffiiiiiillllPKfSH_
    0 bytes stack frame, 0 bytes spill stores, 0 bytes spill loads
ptxas info    : Used 34 registers, used 0 barriers
ptxas info    : Compile time = 11.519 ms
ptxas info    : Compiling entry function '_ZN4vllm20minimax_m3_fused_ops37fusedMiniMaxM3QNormRopeKVInsertKernelIN3c104HalfEhLNS_18Fp8KVCacheDataTypeE2ELb0EhLb1ELb1ELb1ELb1EEEvPT_S6_PhPT3_PKS5_SB_SB_SB_SB_PKlSD_SD_PT0_S9_ffiiiiiillllPKfSH_' for 'sm_107f'
ptxas info    : Function properties for _ZN4vllm20minimax_m3_fused_ops37fusedMiniMaxM3QNormRopeKVInsertKernelIN3c104HalfEhLNS_18Fp8KVCacheDataTypeE2ELb0EhLb1ELb1ELb1ELb1EEEvPT_S6_PhPT3_PKS5_SB_SB_SB_SB_PKlSD_SD_PT0_S9_ffiiiiiillllPKfSH_
    0 bytes stack frame, 0 bytes spill stores, 0 bytes spill loads
ptxas info    : Used 38 registers, used 0 barriers
ptxas info    : Compile time = 12.040 ms
ptxas info    : Compiling entry function '_ZN4vllm20minimax_m3_fused_ops37fusedMiniMaxM3QNormRopeKVInsertKernelIN3c104HalfEhLNS_18Fp8KVCacheDataTypeE2ELb0ES3_Lb1ELb0ELb0ELb0EEEvPT_S6_PhPT3_PKS5_SB_SB_SB_SB_PKlSD_SD_PT0_S9_ffiiiiiillllPKfSH_' for 'sm_107f'
ptxas info    : Function properties for _ZN4vllm20minimax_m3_fused_ops37fusedMiniMaxM3QNormRopeKVInsertKernelIN3c104HalfEhLNS_18Fp8KVCacheDataTypeE2ELb0ES3_Lb1ELb0ELb0ELb0EEEvPT_S6_PhPT3_PKS5_SB_SB_SB_SB_PKlSD_SD_PT0_S9_ffiiiiiillllPKfSH_
    0 bytes stack frame, 0 bytes spill stores, 0 bytes spill loads
ptxas info    : Used 36 registers, used 0 barriers
ptxas info    : Compile time = 5.792 ms
ptxas info    : Compiling entry function '_ZN4vllm20minimax_m3_fused_ops37fusedMiniMaxM3QNormRopeKVInsertKernelIN3c104HalfEhLNS_18Fp8KVCacheDataTypeE2ELb0ES3_Lb1ELb1ELb0ELb0EEEvPT_S6_PhPT3_PKS5_SB_SB_SB_SB_PKlSD_SD_PT0_S9_ffiiiiiillllPKfSH_' for 'sm_107f'
ptxas info    : Function properties for _ZN4vllm20minimax_m3_fused_ops37fusedMiniMaxM3QNormRopeKVInsertKernelIN3c104HalfEhLNS_18Fp8KVCacheDataTypeE2ELb0ES3_Lb1ELb1ELb0ELb0EEEvPT_S6_PhPT3_PKS5_SB_SB_SB_SB_PKlSD_SD_PT0_S9_ffiiiiiillllPKfSH_
    0 bytes stack frame, 0 bytes spill stores, 0 bytes spill loads
ptxas info    : Used 34 registers, used 0 barriers
ptxas info    : Compile time = 10.778 ms
ptxas info    : Compiling entry function '_ZN4vllm20minimax_m3_fused_ops37fusedMiniMaxM3QNormRopeKVInsertKernelIN3c104HalfEhLNS_18Fp8KVCacheDataTypeE1ELb0ES3_Lb0ELb0ELb0ELb0EEEvPT_S6_PhPT3_PKS5_SB_SB_SB_SB_PKlSD_SD_PT0_S9_ffiiiiiillllPKfSH_' for 'sm_107f'
ptxas info    : Function properties for _ZN4vllm20minimax_m3_fused_ops37fusedMiniMaxM3QNormRopeKVInsertKernelIN3c104HalfEhLNS_18Fp8KVCacheDataTypeE1ELb0ES3_Lb0ELb0ELb0ELb0EEEvPT_S6_PhPT3_PKS5_SB_SB_SB_SB_PKlSD_SD_PT0_S9_ffiiiiiillllPKfSH_
    0 bytes stack frame, 0 bytes spill stores, 0 bytes spill loads
ptxas info    : Used 36 registers, used 0 barriers
ptxas info    : Compile time = 5.722 ms
ptxas info    : Compiling entry function '_ZN4vllm20minimax_m3_fused_ops37fusedMiniMaxM3QNormRopeKVInsertKernelIN3c104HalfEhLNS_18Fp8KVCacheDataTypeE1ELb0ES3_Lb1ELb0ELb1ELb0EEEvPT_S6_PhPT3_PKS5_SB_SB_SB_SB_PKlSD_SD_PT0_S9_ffiiiiiillllPKfSH_' for 'sm_107f'
ptxas info    : Function properties for _ZN4vllm20minimax_m3_fused_ops37fusedMiniMaxM3QNormRopeKVInsertKernelIN3c104HalfEhLNS_18Fp8KVCacheDataTypeE1ELb0ES3_Lb1ELb0ELb1ELb0EEEvPT_S6_PhPT3_PKS5_SB_SB_SB_SB_PKlSD_SD_PT0_S9_ffiiiiiillllPKfSH_
    0 bytes stack frame, 0 bytes spill stores, 0 bytes spill loads
ptxas info    : Used 34 registers, used 0 barriers
ptxas info    : Compile time = 6.321 ms
ptxas info    : Compiling entry function '_ZN4vllm20minimax_m3_fused_ops37fusedMiniMaxM3QNormRopeKVInsertKernelIN3c104HalfEhLNS_18Fp8KVCacheDataTypeE1ELb0EhLb1ELb0ELb1ELb1EEEvPT_S6_PhPT3_PKS5_SB_SB_SB_SB_PKlSD_SD_PT0_S9_ffiiiiiillllPKfSH_' for 'sm_107f'
ptxas info    : Function properties for _ZN4vllm20minimax_m3_fused_ops37fusedMiniMaxM3QNormRopeKVInsertKernelIN3c104HalfEhLNS_18Fp8KVCacheDataTypeE1ELb0EhLb1ELb0ELb1ELb1EEEvPT_S6_PhPT3_PKS5_SB_SB_SB_SB_PKlSD_SD_PT0_S9_ffiiiiiillllPKfSH_
    0 bytes stack frame, 0 bytes spill stores, 0 bytes spill loads
ptxas info    : Used 35 registers, used 0 barriers
ptxas info    : Compile time = 6.535 ms
ptxas info    : Compiling entry function '_ZN4vllm20minimax_m3_fused_ops37fusedMiniMaxM3QNormRopeKVInsertKernelIN3c104HalfEhLNS_18Fp8KVCacheDataTypeE1ELb0ES3_Lb1ELb1ELb1ELb0EEEvPT_S6_PhPT3_PKS5_SB_SB_SB_SB_PKlSD_SD_PT0_S9_ffiiiiiillllPKfSH_' for 'sm_107f'
ptxas info    : Function properties for _ZN4vllm20minimax_m3_fused_ops37fusedMiniMaxM3QNormRopeKVInsertKernelIN3c104HalfEhLNS_18Fp8KVCacheDataTypeE1ELb0ES3_Lb1ELb1ELb1ELb0EEEvPT_S6_PhPT3_PKS5_SB_SB_SB_SB_PKlSD_SD_PT0_S9_ffiiiiiillllPKfSH_
    0 bytes stack frame, 0 bytes spill stores, 0 bytes spill loads
ptxas info    : Used 34 registers, used 0 barriers
ptxas info    : Compile time = 11.452 ms
ptxas info    : Compiling entry function '_ZN4vllm20minimax_m3_fused_ops37fusedMiniMaxM3QNormRopeKVInsertKernelIN3c104HalfEhLNS_18Fp8KVCacheDataTypeE1ELb0EhLb1ELb1ELb1ELb1EEEvPT_S6_PhPT3_PKS5_SB_SB_SB_SB_PKlSD_SD_PT0_S9_ffiiiiiillllPKfSH_' for 'sm_107f'
ptxas info    : Function properties for _ZN4vllm20minimax_m3_fused_ops37fusedMiniMaxM3QNormRopeKVInsertKernelIN3c104HalfEhLNS_18Fp8KVCacheDataTypeE1ELb0EhLb1ELb1ELb1ELb1EEEvPT_S6_PhPT3_PKS5_SB_SB_SB_SB_PKlSD_SD_PT0_S9_ffiiiiiillllPKfSH_
    0 bytes stack frame, 0 bytes spill stores, 0 bytes spill loads
ptxas info    : Used 38 registers, used 0 barriers
ptxas info    : Compile time = 12.113 ms
ptxas info    : Compiling entry function '_ZN4vllm20minimax_m3_fused_ops37fusedMiniMaxM3QNormRopeKVInsertKernelIN3c104HalfEhLNS_18Fp8KVCacheDataTypeE1ELb0ES3_Lb1ELb0ELb0ELb0EEEvPT_S6_PhPT3_PKS5_SB_SB_SB_SB_PKlSD_SD_PT0_S9_ffiiiiiillllPKfSH_' for 'sm_107f'
ptxas info    : Function properties for _ZN4vllm20minimax_m3_fused_ops37fusedMiniMaxM3QNormRopeKVInsertKernelIN3c104HalfEhLNS_18Fp8KVCacheDataTypeE1ELb0ES3_Lb1ELb0ELb0ELb0EEEvPT_S6_PhPT3_PKS5_SB_SB_SB_SB_PKlSD_SD_PT0_S9_ffiiiiiillllPKfSH_
    0 bytes stack frame, 0 bytes spill stores, 0 bytes spill loads
ptxas info    : Used 36 registers, used 0 barriers
ptxas info    : Compile time = 5.757 ms
ptxas info    : Compiling entry function '_ZN4vllm20minimax_m3_fused_ops37fusedMiniMaxM3QNormRopeKVInsertKernelIN3c104HalfEhLNS_18Fp8KVCacheDataTypeE1ELb0ES3_Lb1ELb1ELb0ELb0EEEvPT_S6_PhPT3_PKS5_SB_SB_SB_SB_PKlSD_SD_PT0_S9_ffiiiiiillllPKfSH_' for 'sm_107f'
ptxas info    : Function properties for _ZN4vllm20minimax_m3_fused_ops37fusedMiniMaxM3QNormRopeKVInsertKernelIN3c104HalfEhLNS_18Fp8KVCacheDataTypeE1ELb0ES3_Lb1ELb1ELb0ELb0EEEvPT_S6_PhPT3_PKS5_SB_SB_SB_SB_PKlSD_SD_PT0_S9_ffiiiiiillllPKfSH_
    0 bytes stack frame, 0 bytes spill stores, 0 bytes spill loads
ptxas info    : Used 34 registers, used 0 barriers
ptxas info    : Compile time = 11.124 ms
ptxas info    : Compiling entry function '_ZN4vllm20minimax_m3_fused_ops37fusedMiniMaxM3QNormRopeKVInsertKernelIN3c104HalfE13__nv_bfloat16LNS_18Fp8KVCacheDataTypeE0ELb0ES3_Lb0ELb0ELb0ELb0EEEvPT_S7_PhPT3_PKS6_SC_SC_SC_SC_PKlSE_SE_PT0_SA_ffiiiiiillllPKfSI_' for 'sm_107f'
ptxas info    : Function properties for _ZN4vllm20minimax_m3_fused_ops37fusedMiniMaxM3QNormRopeKVInsertKernelIN3c104HalfE13__nv_bfloat16LNS_18Fp8KVCacheDataTypeE0ELb0ES3_Lb0ELb0ELb0ELb0EEEvPT_S7_PhPT3_PKS6_SC_SC_SC_SC_PKlSE_SE_PT0_SA_ffiiiiiillllPKfSI_
    0 bytes stack frame, 0 bytes spill stores, 0 bytes spill loads
ptxas info    : Used 36 registers, used 0 barriers
ptxas info    : Compile time = 5.726 ms
ptxas info    : Compiling entry function '_ZN4vllm20minimax_m3_fused_ops37fusedMiniMaxM3QNormRopeKVInsertKernelIN3c104HalfE13__nv_bfloat16LNS_18Fp8KVCacheDataTypeE0ELb0ES3_Lb1ELb0ELb1ELb0EEEvPT_S7_PhPT3_PKS6_SC_SC_SC_SC_PKlSE_SE_PT0_SA_ffiiiiiillllPKfSI_' for 'sm_107f'
ptxas info    : Function properties for _ZN4vllm20minimax_m3_fused_ops37fusedMiniMaxM3QNormRopeKVInsertKernelIN3c104HalfE13__nv_bfloat16LNS_18Fp8KVCacheDataTypeE0ELb0ES3_Lb1ELb0ELb1ELb0EEEvPT_S7_PhPT3_PKS6_SC_SC_SC_SC_PKlSE_SE_PT0_SA_ffiiiiiillllPKfSI_
    0 bytes stack frame, 0 bytes spill stores, 0 bytes spill loads
ptxas info    : Used 34 registers, used 0 barriers
ptxas info    : Compile time = 6.331 ms
ptxas info    : Compiling entry function '_ZN4vllm20minimax_m3_fused_ops37fusedMiniMaxM3QNormRopeKVInsertKernelIN3c104HalfE13__nv_bfloat16LNS_18Fp8KVCacheDataTypeE0ELb0EhLb1ELb0ELb1ELb1EEEvPT_S7_PhPT3_PKS6_SC_SC_SC_SC_PKlSE_SE_PT0_SA_ffiiiiiillllPKfSI_' for 'sm_107f'
ptxas info    : Function properties for _ZN4vllm20minimax_m3_fused_ops37fusedMiniMaxM3QNormRopeKVInsertKernelIN3c104HalfE13__nv_bfloat16LNS_18Fp8KVCacheDataTypeE0ELb0EhLb1ELb0ELb1ELb1EEEvPT_S7_PhPT3_PKS6_SC_SC_SC_SC_PKlSE_SE_PT0_SA_ffiiiiiillllPKfSI_
    0 bytes stack frame, 0 bytes spill stores, 0 bytes spill loads
ptxas info    : Used 35 registers, used 0 barriers
ptxas info    : Compile time = 6.473 ms
ptxas info    : Compiling entry function '_ZN4vllm20minimax_m3_fused_ops37fusedMiniMaxM3QNormRopeKVInsertKernelIN3c104HalfE13__nv_bfloat16LNS_18Fp8KVCacheDataTypeE0ELb0ES3_Lb1ELb1ELb1ELb0EEEvPT_S7_PhPT3_PKS6_SC_SC_SC_SC_PKlSE_SE_PT0_SA_ffiiiiiillllPKfSI_' for 'sm_107f'
ptxas info    : Function properties for _ZN4vllm20minimax_m3_fused_ops37fusedMiniMaxM3QNormRopeKVInsertKernelIN3c104HalfE13__nv_bfloat16LNS_18Fp8KVCacheDataTypeE0ELb0ES3_Lb1ELb1ELb1ELb0EEEvPT_S7_PhPT3_PKS6_SC_SC_SC_SC_PKlSE_SE_PT0_SA_ffiiiiiillllPKfSI_
    0 bytes stack frame, 0 bytes spill stores, 0 bytes spill loads
ptxas info    : Used 34 registers, used 0 barriers
ptxas info    : Compile time = 11.459 ms
ptxas info    : Compiling entry function '_ZN4vllm20minimax_m3_fused_ops37fusedMiniMaxM3QNormRopeKVInsertKernelIN3c104HalfE13__nv_bfloat16LNS_18Fp8KVCacheDataTypeE0ELb0EhLb1ELb1ELb1ELb1EEEvPT_S7_PhPT3_PKS6_SC_SC_SC_SC_PKlSE_SE_PT0_SA_ffiiiiiillllPKfSI_' for 'sm_107f'
ptxas info    : Function properties for _ZN4vllm20minimax_m3_fused_ops37fusedMiniMaxM3QNormRopeKVInsertKernelIN3c104HalfE13__nv_bfloat16LNS_18Fp8KVCacheDataTypeE0ELb0EhLb1ELb1ELb1ELb1EEEvPT_S7_PhPT3_PKS6_SC_SC_SC_SC_PKlSE_SE_PT0_SA_ffiiiiiillllPKfSI_
    0 bytes stack frame, 0 bytes spill stores, 0 bytes spill loads
ptxas info    : Used 38 registers, used 0 barriers
ptxas info    : Compile time = 12.198 ms
ptxas info    : Compiling entry function '_ZN4vllm20minimax_m3_fused_ops37fusedMiniMaxM3QNormRopeKVInsertKernelIN3c104HalfE13__nv_bfloat16LNS_18Fp8KVCacheDataTypeE0ELb0ES3_Lb1ELb0ELb0ELb0EEEvPT_S7_PhPT3_PKS6_SC_SC_SC_SC_PKlSE_SE_PT0_SA_ffiiiiiillllPKfSI_' for 'sm_107f'
ptxas info    : Function properties for _ZN4vllm20minimax_m3_fused_ops37fusedMiniMaxM3QNormRopeKVInsertKernelIN3c104HalfE13__nv_bfloat16LNS_18Fp8KVCacheDataTypeE0ELb0ES3_Lb1ELb0ELb0ELb0EEEvPT_S7_PhPT3_PKS6_SC_SC_SC_SC_PKlSE_SE_PT0_SA_ffiiiiiillllPKfSI_
    0 bytes stack frame, 0 bytes spill stores, 0 bytes spill loads
ptxas info    : Used 36 registers, used 0 barriers
ptxas info    : Compile time = 5.788 ms
ptxas info    : Compiling entry function '_ZN4vllm20minimax_m3_fused_ops37fusedMiniMaxM3QNormRopeKVInsertKernelIN3c104HalfE13__nv_bfloat16LNS_18Fp8KVCacheDataTypeE0ELb0ES3_Lb1ELb1ELb0ELb0EEEvPT_S7_PhPT3_PKS6_SC_SC_SC_SC_PKlSE_SE_PT0_SA_ffiiiiiillllPKfSI_' for 'sm_107f'
ptxas info    : Function properties for _ZN4vllm20minimax_m3_fused_ops37fusedMiniMaxM3QNormRopeKVInsertKernelIN3c104HalfE13__nv_bfloat16LNS_18Fp8KVCacheDataTypeE0ELb0ES3_Lb1ELb1ELb0ELb0EEEvPT_S7_PhPT3_PKS6_SC_SC_SC_SC_PKlSE_SE_PT0_SA_ffiiiiiillllPKfSI_
    0 bytes stack frame, 0 bytes spill stores, 0 bytes spill loads
ptxas info    : Used 34 registers, used 0 barriers
ptxas info    : Compile time = 10.784 ms
ptxas info    : Compiling entry function '_ZN4vllm20minimax_m3_fused_ops37fusedMiniMaxM3QNormRopeKVInsertKernelIN3c104HalfEtLNS_18Fp8KVCacheDataTypeE0ELb0ES3_Lb0ELb0ELb0ELb0EEEvPT_S6_PhPT3_PKS5_SB_SB_SB_SB_PKlSD_SD_PT0_S9_ffiiiiiillllPKfSH_' for 'sm_107f'
ptxas info    : Function properties for _ZN4vllm20minimax_m3_fused_ops37fusedMiniMaxM3QNormRopeKVInsertKernelIN3c104HalfEtLNS_18Fp8KVCacheDataTypeE0ELb0ES3_Lb0ELb0ELb0ELb0EEEvPT_S6_PhPT3_PKS5_SB_SB_SB_SB_PKlSD_SD_PT0_S9_ffiiiiiillllPKfSH_
    0 bytes stack frame, 0 bytes spill stores, 0 bytes spill loads
ptxas info    : Used 36 registers, used 0 barriers
ptxas info    : Compile time = 5.727 ms
ptxas info    : Compiling entry function '_ZN4vllm20minimax_m3_fused_ops37fusedMiniMaxM3QNormRopeKVInsertKernelIN3c104HalfEtLNS_18Fp8KVCacheDataTypeE0ELb0ES3_Lb1ELb0ELb1ELb0EEEvPT_S6_PhPT3_PKS5_SB_SB_SB_SB_PKlSD_SD_PT0_S9_ffiiiiiillllPKfSH_' for 'sm_107f'
ptxas info    : Function properties for _ZN4vllm20minimax_m3_fused_ops37fusedMiniMaxM3QNormRopeKVInsertKernelIN3c104HalfEtLNS_18Fp8KVCacheDataTypeE0ELb0ES3_Lb1ELb0ELb1ELb0EEEvPT_S6_PhPT3_PKS5_SB_SB_SB_SB_PKlSD_SD_PT0_S9_ffiiiiiillllPKfSH_
    0 bytes stack frame, 0 bytes spill stores, 0 bytes spill loads
ptxas info    : Used 34 registers, used 0 barriers
ptxas info    : Compile time = 6.337 ms
ptxas info    : Compiling entry function '_ZN4vllm20minimax_m3_fused_ops37fusedMiniMaxM3QNormRopeKVInsertKernelIN3c104HalfEtLNS_18Fp8KVCacheDataTypeE0ELb0EhLb1ELb0ELb1ELb1EEEvPT_S6_PhPT3_PKS5_SB_SB_SB_SB_PKlSD_SD_PT0_S9_ffiiiiiillllPKfSH_' for 'sm_107f'
ptxas info    : Function properties for _ZN4vllm20minimax_m3_fused_ops37fusedMiniMaxM3QNormRopeKVInsertKernelIN3c104HalfEtLNS_18Fp8KVCacheDataTypeE0ELb0EhLb1ELb0ELb1ELb1EEEvPT_S6_PhPT3_PKS5_SB_SB_SB_SB_PKlSD_SD_PT0_S9_ffiiiiiillllPKfSH_
    0 bytes stack frame, 0 bytes spill stores, 0 bytes spill loads
ptxas info    : Used 35 registers, used 0 barriers
ptxas info    : Compile time = 6.490 ms
ptxas info    : Compiling entry function '_ZN4vllm20minimax_m3_fused_ops37fusedMiniMaxM3QNormRopeKVInsertKernelIN3c104HalfEtLNS_18Fp8KVCacheDataTypeE0ELb0ES3_Lb1ELb1ELb1ELb0EEEvPT_S6_PhPT3_PKS5_SB_SB_SB_SB_PKlSD_SD_PT0_S9_ffiiiiiillllPKfSH_' for 'sm_107f'
ptxas info    : Function properties for _ZN4vllm20minimax_m3_fused_ops37fusedMiniMaxM3QNormRopeKVInsertKernelIN3c104HalfEtLNS_18Fp8KVCacheDataTypeE0ELb0ES3_Lb1ELb1ELb1ELb0EEEvPT_S6_PhPT3_PKS5_SB_SB_SB_SB_PKlSD_SD_PT0_S9_ffiiiiiillllPKfSH_
    0 bytes stack frame, 0 bytes spill stores, 0 bytes spill loads
ptxas info    : Used 34 registers, used 0 barriers
ptxas info    : Compile time = 11.381 ms
ptxas info    : Compiling entry function '_ZN4vllm20minimax_m3_fused_ops37fusedMiniMaxM3QNormRopeKVInsertKernelIN3c104HalfEtLNS_18Fp8KVCacheDataTypeE0ELb0EhLb1ELb1ELb1ELb1EEEvPT_S6_PhPT3_PKS5_SB_SB_SB_SB_PKlSD_SD_PT0_S9_ffiiiiiillllPKfSH_' for 'sm_107f'
ptxas info    : Function properties for _ZN4vllm20minimax_m3_fused_ops37fusedMiniMaxM3QNormRopeKVInsertKernelIN3c104HalfEtLNS_18Fp8KVCacheDataTypeE0ELb0EhLb1ELb1ELb1ELb1EEEvPT_S6_PhPT3_PKS5_SB_SB_SB_SB_PKlSD_SD_PT0_S9_ffiiiiiillllPKfSH_
    0 bytes stack frame, 0 bytes spill stores, 0 bytes spill loads
ptxas info    : Used 38 registers, used 0 barriers
ptxas info    : Compile time = 11.995 ms
ptxas info    : Compiling entry function '_ZN4vllm20minimax_m3_fused_ops37fusedMiniMaxM3QNormRopeKVInsertKernelIN3c104HalfEtLNS_18Fp8KVCacheDataTypeE0ELb0ES3_Lb1ELb0ELb0ELb0EEEvPT_S6_PhPT3_PKS5_SB_SB_SB_SB_PKlSD_SD_PT0_S9_ffiiiiiillllPKfSH_' for 'sm_107f'
ptxas info    : Function properties for _ZN4vllm20minimax_m3_fused_ops37fusedMiniMaxM3QNormRopeKVInsertKernelIN3c104HalfEtLNS_18Fp8KVCacheDataTypeE0ELb0ES3_Lb1ELb0ELb0ELb0EEEvPT_S6_PhPT3_PKS5_SB_SB_SB_SB_PKlSD_SD_PT0_S9_ffiiiiiillllPKfSH_
    0 bytes stack frame, 0 bytes spill stores, 0 bytes spill loads
ptxas info    : Used 36 registers, used 0 barriers
ptxas info    : Compile time = 5.758 ms
ptxas info    : Compiling entry function '_ZN4vllm20minimax_m3_fused_ops37fusedMiniMaxM3QNormRopeKVInsertKernelIN3c104HalfEtLNS_18Fp8KVCacheDataTypeE0ELb0ES3_Lb1ELb1ELb0ELb0EEEvPT_S6_PhPT3_PKS5_SB_SB_SB_SB_PKlSD_SD_PT0_S9_ffiiiiiillllPKfSH_' for 'sm_107f'
ptxas info    : Function properties for _ZN4vllm20minimax_m3_fused_ops37fusedMiniMaxM3QNormRopeKVInsertKernelIN3c104HalfEtLNS_18Fp8KVCacheDataTypeE0ELb0ES3_Lb1ELb1ELb0ELb0EEEvPT_S6_PhPT3_PKS5_SB_SB_SB_SB_PKlSD_SD_PT0_S9_ffiiiiiillllPKfSH_
    0 bytes stack frame, 0 bytes spill stores, 0 bytes spill loads
ptxas info    : Used 34 registers, used 0 barriers
ptxas info    : Compile time = 10.992 ms
ptxas info    : Compiling entry function '_ZN4vllm20minimax_m3_fused_ops37fusedMiniMaxM3QNormRopeKVInsertKernelIN3c104HalfEfLNS_18Fp8KVCacheDataTypeE0ELb0ES3_Lb0ELb0ELb0ELb0EEEvPT_S6_PhPT3_PKS5_SB_SB_SB_SB_PKlSD_SD_PT0_S9_ffiiiiiillllPKfSH_' for 'sm_107f'
ptxas info    : Function properties for _ZN4vllm20minimax_m3_fused_ops37fusedMiniMaxM3QNormRopeKVInsertKernelIN3c104HalfEfLNS_18Fp8KVCacheDataTypeE0ELb0ES3_Lb0ELb0ELb0ELb0EEEvPT_S6_PhPT3_PKS5_SB_SB_SB_SB_PKlSD_SD_PT0_S9_ffiiiiiillllPKfSH_
    0 bytes stack frame, 0 bytes spill stores, 0 bytes spill loads
ptxas info    : Used 36 registers, used 0 barriers
ptxas info    : Compile time = 5.729 ms
ptxas info    : Compiling entry function '_ZN4vllm20minimax_m3_fused_ops37fusedMiniMaxM3QNormRopeKVInsertKernelIN3c104HalfEfLNS_18Fp8KVCacheDataTypeE0ELb0ES3_Lb1ELb0ELb1ELb0EEEvPT_S6_PhPT3_PKS5_SB_SB_SB_SB_PKlSD_SD_PT0_S9_ffiiiiiillllPKfSH_' for 'sm_107f'
ptxas info    : Function properties for _ZN4vllm20minimax_m3_fused_ops37fusedMiniMaxM3QNormRopeKVInsertKernelIN3c104HalfEfLNS_18Fp8KVCacheDataTypeE0ELb0ES3_Lb1ELb0ELb1ELb0EEEvPT_S6_PhPT3_PKS5_SB_SB_SB_SB_PKlSD_SD_PT0_S9_ffiiiiiillllPKfSH_
    0 bytes stack frame, 0 bytes spill stores, 0 bytes spill loads
ptxas info    : Used 34 registers, used 0 barriers
ptxas info    : Compile time = 6.358 ms
ptxas info    : Compiling entry function '_ZN4vllm20minimax_m3_fused_ops37fusedMiniMaxM3QNormRopeKVInsertKernelIN3c104HalfEfLNS_18Fp8KVCacheDataTypeE0ELb0EhLb1ELb0ELb1ELb1EEEvPT_S6_PhPT3_PKS5_SB_SB_SB_SB_PKlSD_SD_PT0_S9_ffiiiiiillllPKfSH_' for 'sm_107f'
ptxas info    : Function properties for _ZN4vllm20minimax_m3_fused_ops37fusedMiniMaxM3QNormRopeKVInsertKernelIN3c104HalfEfLNS_18Fp8KVCacheDataTypeE0ELb0EhLb1ELb0ELb1ELb1EEEvPT_S6_PhPT3_PKS5_SB_SB_SB_SB_PKlSD_SD_PT0_S9_ffiiiiiillllPKfSH_
    0 bytes stack frame, 0 bytes spill stores, 0 bytes spill loads
ptxas info    : Used 35 registers, used 0 barriers
ptxas info    : Compile time = 6.499 ms
ptxas info    : Compiling entry function '_ZN4vllm20minimax_m3_fused_ops37fusedMiniMaxM3QNormRopeKVInsertKernelIN3c104HalfEfLNS_18Fp8KVCacheDataTypeE0ELb0ES3_Lb1ELb1ELb1ELb0EEEvPT_S6_PhPT3_PKS5_SB_SB_SB_SB_PKlSD_SD_PT0_S9_ffiiiiiillllPKfSH_' for 'sm_107f'
ptxas info    : Function properties for _ZN4vllm20minimax_m3_fused_ops37fusedMiniMaxM3QNormRopeKVInsertKernelIN3c104HalfEfLNS_18Fp8KVCacheDataTypeE0ELb0ES3_Lb1ELb1ELb1ELb0EEEvPT_S6_PhPT3_PKS5_SB_SB_SB_SB_PKlSD_SD_PT0_S9_ffiiiiiillllPKfSH_
    0 bytes stack frame, 0 bytes spill stores, 0 bytes spill loads
ptxas info    : Used 34 registers, used 0 barriers
ptxas info    : Compile time = 11.492 ms
ptxas info    : Compiling entry function '_ZN4vllm20minimax_m3_fused_ops37fusedMiniMaxM3QNormRopeKVInsertKernelIN3c104HalfEfLNS_18Fp8KVCacheDataTypeE0ELb0EhLb1ELb1ELb1ELb1EEEvPT_S6_PhPT3_PKS5_SB_SB_SB_SB_PKlSD_SD_PT0_S9_ffiiiiiillllPKfSH_' for 'sm_107f'
ptxas info    : Function properties for _ZN4vllm20minimax_m3_fused_ops37fusedMiniMaxM3QNormRopeKVInsertKernelIN3c104HalfEfLNS_18Fp8KVCacheDataTypeE0ELb0EhLb1ELb1ELb1ELb1EEEvPT_S6_PhPT3_PKS5_SB_SB_SB_SB_PKlSD_SD_PT0_S9_ffiiiiiillllPKfSH_
    0 bytes stack frame, 0 bytes spill stores, 0 bytes spill loads
ptxas info    : Used 38 registers, used 0 barriers
ptxas info    : Compile time = 12.029 ms
ptxas info    : Compiling entry function '_ZN4vllm20minimax_m3_fused_ops37fusedMiniMaxM3QNormRopeKVInsertKernelIN3c104HalfEfLNS_18Fp8KVCacheDataTypeE0ELb0ES3_Lb1ELb0ELb0ELb0EEEvPT_S6_PhPT3_PKS5_SB_SB_SB_SB_PKlSD_SD_PT0_S9_ffiiiiiillllPKfSH_' for 'sm_107f'
ptxas info    : Function properties for _ZN4vllm20minimax_m3_fused_ops37fusedMiniMaxM3QNormRopeKVInsertKernelIN3c104HalfEfLNS_18Fp8KVCacheDataTypeE0ELb0ES3_Lb1ELb0ELb0ELb0EEEvPT_S6_PhPT3_PKS5_SB_SB_SB_SB_PKlSD_SD_PT0_S9_ffiiiiiillllPKfSH_
    0 bytes stack frame, 0 bytes spill stores, 0 bytes spill loads
ptxas info    : Used 36 registers, used 0 barriers
ptxas info    : Compile time = 5.767 ms
ptxas info    : Compiling entry function '_ZN4vllm20minimax_m3_fused_ops37fusedMiniMaxM3QNormRopeKVInsertKernelIN3c104HalfEfLNS_18Fp8KVCacheDataTypeE0ELb0ES3_Lb1ELb1ELb0ELb0EEEvPT_S6_PhPT3_PKS5_SB_SB_SB_SB_PKlSD_SD_PT0_S9_ffiiiiiillllPKfSH_' for 'sm_107f'
ptxas info    : Function properties for _ZN4vllm20minimax_m3_fused_ops37fusedMiniMaxM3QNormRopeKVInsertKernelIN3c104HalfEfLNS_18Fp8KVCacheDataTypeE0ELb0ES3_Lb1ELb1ELb0ELb0EEEvPT_S6_PhPT3_PKS5_SB_SB_SB_SB_PKlSD_SD_PT0_S9_ffiiiiiillllPKfSH_
    0 bytes stack frame, 0 bytes spill stores, 0 bytes spill loads
ptxas info    : Used 34 registers, used 0 barriers
ptxas info    : Compile time = 10.733 ms
ptxas info    : Compiling entry function '_ZN4vllm20minimax_m3_fused_ops37fusedMiniMaxM3QNormRopeKVInsertKernelIN3c108BFloat16EhLNS_18Fp8KVCacheDataTypeE0ELb1ES3_Lb1ELb1ELb1ELb0EEEvPT_S6_PhPT3_PKS5_SB_SB_SB_SB_PKlSD_SD_PT0_S9_ffiiiiiillllPKfSH_' for 'sm_107f'
ptxas info    : Function properties for _ZN4vllm20minimax_m3_fused_ops37fusedMiniMaxM3QNormRopeKVInsertKernelIN3c108BFloat16EhLNS_18Fp8KVCacheDataTypeE0ELb1ES3_Lb1ELb1ELb1ELb0EEEvPT_S6_PhPT3_PKS5_SB_SB_SB_SB_PKlSD_SD_PT0_S9_ffiiiiiillllPKfSH_
    0 bytes stack frame, 0 bytes spill stores, 0 bytes spill loads
ptxas info    : Used 36 registers, used 0 barriers
ptxas info    : Compile time = 15.446 ms
ptxas info    : Compiling entry function '_ZN4vllm20minimax_m3_fused_ops37fusedMiniMaxM3QNormRopeKVInsertKernelIN3c108BFloat16EhLNS_18Fp8KVCacheDataTypeE0ELb1EhLb1ELb1ELb1ELb1EEEvPT_S6_PhPT3_PKS5_SB_SB_SB_SB_PKlSD_SD_PT0_S9_ffiiiiiillllPKfSH_' for 'sm_107f'
ptxas info    : Function properties for _ZN4vllm20minimax_m3_fused_ops37fusedMiniMaxM3QNormRopeKVInsertKernelIN3c108BFloat16EhLNS_18Fp8KVCacheDataTypeE0ELb1EhLb1ELb1ELb1ELb1EEEvPT_S6_PhPT3_PKS5_SB_SB_SB_SB_PKlSD_SD_PT0_S9_ffiiiiiillllPKfSH_
    0 bytes stack frame, 0 bytes spill stores, 0 bytes spill loads
ptxas info    : Used 35 registers, used 0 barriers
ptxas info    : Compile time = 15.786 ms
ptxas info    : Compiling entry function '_ZN4vllm20minimax_m3_fused_ops37fusedMiniMaxM3QNormRopeKVInsertKernelIN3c108BFloat16EhLNS_18Fp8KVCacheDataTypeE0ELb1ES3_Lb1ELb1ELb0ELb0EEEvPT_S6_PhPT3_PKS5_SB_SB_SB_SB_PKlSD_SD_PT0_S9_ffiiiiiillllPKfSH_' for 'sm_107f'
ptxas info    : Function properties for _ZN4vllm20minimax_m3_fused_ops37fusedMiniMaxM3QNormRopeKVInsertKernelIN3c108BFloat16EhLNS_18Fp8KVCacheDataTypeE0ELb1ES3_Lb1ELb1ELb0ELb0EEEvPT_S6_PhPT3_PKS5_SB_SB_SB_SB_PKlSD_SD_PT0_S9_ffiiiiiillllPKfSH_
    0 bytes stack frame, 0 bytes spill stores, 0 bytes spill loads
ptxas info    : Used 34 registers, used 0 barriers
ptxas info    : Compile time = 14.037 ms
ptxas info    : Compiling entry function '_ZN4vllm20minimax_m3_fused_ops37fusedMiniMaxM3QNormRopeKVInsertKernelIN3c104HalfEhLNS_18Fp8KVCacheDataTypeE0ELb1ES3_Lb1ELb1ELb1ELb0EEEvPT_S6_PhPT3_PKS5_SB_SB_SB_SB_PKlSD_SD_PT0_S9_ffiiiiiillllPKfSH_' for 'sm_107f'
ptxas info    : Function properties for _ZN4vllm20minimax_m3_fused_ops37fusedMiniMaxM3QNormRopeKVInsertKernelIN3c104HalfEhLNS_18Fp8KVCacheDataTypeE0ELb1ES3_Lb1ELb1ELb1ELb0EEEvPT_S6_PhPT3_PKS5_SB_SB_SB_SB_PKlSD_SD_PT0_S9_ffiiiiiillllPKfSH_
    0 bytes stack frame, 0 bytes spill stores, 0 bytes spill loads
ptxas info    : Used 36 registers, used 0 barriers
ptxas info    : Compile time = 15.138 ms
ptxas info    : Compiling entry function '_ZN4vllm20minimax_m3_fused_ops37fusedMiniMaxM3QNormRopeKVInsertKernelIN3c104HalfEhLNS_18Fp8KVCacheDataTypeE0ELb1EhLb1ELb1ELb1ELb1EEEvPT_S6_PhPT3_PKS5_SB_SB_SB_SB_PKlSD_SD_PT0_S9_ffiiiiiillllPKfSH_' for 'sm_107f'
ptxas info    : Function properties for _ZN4vllm20minimax_m3_fused_ops37fusedMiniMaxM3QNormRopeKVInsertKernelIN3c104HalfEhLNS_18Fp8KVCacheDataTypeE0ELb1EhLb1ELb1ELb1ELb1EEEvPT_S6_PhPT3_PKS5_SB_SB_SB_SB_PKlSD_SD_PT0_S9_ffiiiiiillllPKfSH_
    0 bytes stack frame, 0 bytes spill stores, 0 bytes spill loads
ptxas info    : Used 35 registers, used 0 barriers
ptxas info    : Compile time = 15.341 ms
ptxas info    : Compiling entry function '_ZN4vllm20minimax_m3_fused_ops37fusedMiniMaxM3QNormRopeKVInsertKernelIN3c104HalfEhLNS_18Fp8KVCacheDataTypeE0ELb1ES3_Lb1ELb1ELb0ELb0EEEvPT_S6_PhPT3_PKS5_SB_SB_SB_SB_PKlSD_SD_PT0_S9_ffiiiiiillllPKfSH_' for 'sm_107f'
ptxas info    : Function properties for _ZN4vllm20minimax_m3_fused_ops37fusedMiniMaxM3QNormRopeKVInsertKernelIN3c104HalfEhLNS_18Fp8KVCacheDataTypeE0ELb1ES3_Lb1ELb1ELb0ELb0EEEvPT_S6_PhPT3_PKS5_SB_SB_SB_SB_PKlSD_SD_PT0_S9_ffiiiiiillllPKfSH_
    0 bytes stack frame, 0 bytes spill stores, 0 bytes spill loads
ptxas info    : Used 34 registers, used 0 barriers
ptxas info    : Compile time = 14.022 ms
